Archive member included to satisfy reference by file (symbol)

c:/st/stm32cubeide_1.10.1/stm32cubeide/plugins/com.st.stm32cube.ide.mcu.externaltools.gnu-tools-for-stm32.10.3-2021.10.win32_1.0.200.202301161003/tools/bin/../lib/gcc/arm-none-eabi/10.3.1/../../../../arm-none-eabi/lib/thumb/v6-m/nofp\libc_nano.a(lib_a-errno.o)
                              ./Core/Src/syscalls.o (__errno)
c:/st/stm32cubeide_1.10.1/stm32cubeide/plugins/com.st.stm32cube.ide.mcu.externaltools.gnu-tools-for-stm32.10.3-2021.10.win32_1.0.200.202301161003/tools/bin/../lib/gcc/arm-none-eabi/10.3.1/../../../../arm-none-eabi/lib/thumb/v6-m/nofp\libc_nano.a(lib_a-exit.o)
                              c:/st/stm32cubeide_1.10.1/stm32cubeide/plugins/com.st.stm32cube.ide.mcu.externaltools.gnu-tools-for-stm32.10.3-2021.10.win32_1.0.200.202301161003/tools/bin/../lib/gcc/arm-none-eabi/10.3.1/../../../../arm-none-eabi/lib/thumb/v6-m/nofp/crt0.o (exit)
c:/st/stm32cubeide_1.10.1/stm32cubeide/plugins/com.st.stm32cube.ide.mcu.externaltools.gnu-tools-for-stm32.10.3-2021.10.win32_1.0.200.202301161003/tools/bin/../lib/gcc/arm-none-eabi/10.3.1/../../../../arm-none-eabi/lib/thumb/v6-m/nofp\libc_nano.a(lib_a-impure.o)
                              c:/st/stm32cubeide_1.10.1/stm32cubeide/plugins/com.st.stm32cube.ide.mcu.externaltools.gnu-tools-for-stm32.10.3-2021.10.win32_1.0.200.202301161003/tools/bin/../lib/gcc/arm-none-eabi/10.3.1/../../../../arm-none-eabi/lib/thumb/v6-m/nofp\libc_nano.a(lib_a-exit.o) (_global_impure_ptr)
c:/st/stm32cubeide_1.10.1/stm32cubeide/plugins/com.st.stm32cube.ide.mcu.externaltools.gnu-tools-for-stm32.10.3-2021.10.win32_1.0.200.202301161003/tools/bin/../lib/gcc/arm-none-eabi/10.3.1/../../../../arm-none-eabi/lib/thumb/v6-m/nofp\libc_nano.a(lib_a-init.o)
                              c:/st/stm32cubeide_1.10.1/stm32cubeide/plugins/com.st.stm32cube.ide.mcu.externaltools.gnu-tools-for-stm32.10.3-2021.10.win32_1.0.200.202301161003/tools/bin/../lib/gcc/arm-none-eabi/10.3.1/../../../../arm-none-eabi/lib/thumb/v6-m/nofp/crt0.o (__libc_init_array)
c:/st/stm32cubeide_1.10.1/stm32cubeide/plugins/com.st.stm32cube.ide.mcu.externaltools.gnu-tools-for-stm32.10.3-2021.10.win32_1.0.200.202301161003/tools/bin/../lib/gcc/arm-none-eabi/10.3.1/../../../../arm-none-eabi/lib/thumb/v6-m/nofp\libc_nano.a(lib_a-memset.o)
                              c:/st/stm32cubeide_1.10.1/stm32cubeide/plugins/com.st.stm32cube.ide.mcu.externaltools.gnu-tools-for-stm32.10.3-2021.10.win32_1.0.200.202301161003/tools/bin/../lib/gcc/arm-none-eabi/10.3.1/../../../../arm-none-eabi/lib/thumb/v6-m/nofp/crt0.o (memset)
c:/st/stm32cubeide_1.10.1/stm32cubeide/plugins/com.st.stm32cube.ide.mcu.externaltools.gnu-tools-for-stm32.10.3-2021.10.win32_1.0.200.202301161003/tools/bin/../lib/gcc/arm-none-eabi/10.3.1/thumb/v6-m/nofp\libgcc.a(_udivsi3.o)
                              ./Core/Src/system_stm32f0xx.o (__aeabi_uidiv)
c:/st/stm32cubeide_1.10.1/stm32cubeide/plugins/com.st.stm32cube.ide.mcu.externaltools.gnu-tools-for-stm32.10.3-2021.10.win32_1.0.200.202301161003/tools/bin/../lib/gcc/arm-none-eabi/10.3.1/thumb/v6-m/nofp\libgcc.a(_dvmd_tls.o)
                              c:/st/stm32cubeide_1.10.1/stm32cubeide/plugins/com.st.stm32cube.ide.mcu.externaltools.gnu-tools-for-stm32.10.3-2021.10.win32_1.0.200.202301161003/tools/bin/../lib/gcc/arm-none-eabi/10.3.1/thumb/v6-m/nofp\libgcc.a(_udivsi3.o) (__aeabi_idiv0)

Discarded input sections

 .text          0x0000000000000000        0x0 c:/st/stm32cubeide_1.10.1/stm32cubeide/plugins/com.st.stm32cube.ide.mcu.externaltools.gnu-tools-for-stm32.10.3-2021.10.win32_1.0.200.202301161003/tools/bin/../lib/gcc/arm-none-eabi/10.3.1/thumb/v6-m/nofp/crti.o
 .data          0x0000000000000000        0x0 c:/st/stm32cubeide_1.10.1/stm32cubeide/plugins/com.st.stm32cube.ide.mcu.externaltools.gnu-tools-for-stm32.10.3-2021.10.win32_1.0.200.202301161003/tools/bin/../lib/gcc/arm-none-eabi/10.3.1/thumb/v6-m/nofp/crti.o
 .bss           0x0000000000000000        0x0 c:/st/stm32cubeide_1.10.1/stm32cubeide/plugins/com.st.stm32cube.ide.mcu.externaltools.gnu-tools-for-stm32.10.3-2021.10.win32_1.0.200.202301161003/tools/bin/../lib/gcc/arm-none-eabi/10.3.1/thumb/v6-m/nofp/crti.o
 .data          0x0000000000000000        0x4 c:/st/stm32cubeide_1.10.1/stm32cubeide/plugins/com.st.stm32cube.ide.mcu.externaltools.gnu-tools-for-stm32.10.3-2021.10.win32_1.0.200.202301161003/tools/bin/../lib/gcc/arm-none-eabi/10.3.1/thumb/v6-m/nofp/crtbegin.o
 .rodata        0x0000000000000000       0x24 c:/st/stm32cubeide_1.10.1/stm32cubeide/plugins/com.st.stm32cube.ide.mcu.externaltools.gnu-tools-for-stm32.10.3-2021.10.win32_1.0.200.202301161003/tools/bin/../lib/gcc/arm-none-eabi/10.3.1/thumb/v6-m/nofp/crtbegin.o
 .text          0x0000000000000000       0x80 c:/st/stm32cubeide_1.10.1/stm32cubeide/plugins/com.st.stm32cube.ide.mcu.externaltools.gnu-tools-for-stm32.10.3-2021.10.win32_1.0.200.202301161003/tools/bin/../lib/gcc/arm-none-eabi/10.3.1/../../../../arm-none-eabi/lib/thumb/v6-m/nofp/crt0.o
[...]
Memory Configuration

Name             Origin             Length             Attributes
RAM              0x0000000020000000 0x0000000000002000 xrw
FLASH            0x0000000008000000 0x0000000000010000 xr
*default*        0x0000000000000000 0xffffffffffffffff

Linker script and memory map

LOAD c:/st/stm32cubeide_1.10.1/stm32cubeide/plugins/com.st.stm32cube.ide.mcu.externaltools.gnu-tools-for-stm32.10.3-2021.10.win32_1.0.200.202301161003/tools/bin/../lib/gcc/arm-none-eabi/10.3.1/thumb/v6-m/nofp/crti.o
LOAD c:/st/stm32cubeide_1.10.1/stm32cubeide/plugins/com.st.stm32cube.ide.mcu.externaltools.gnu-tools-for-stm32.10.3-2021.10.win32_1.0.200.202301161003/tools/bin/../lib/gcc/arm-none-eabi/10.3.1/thumb/v6-m/nofp/crtbegin.o
LOAD c:/st/stm32cubeide_1.10.1/stm32cubeide/plugins/com.st.stm32cube.ide.mcu.externaltools.gnu-tools-for-stm32.10.3-2021.10.win32_1.0.200.202301161003/tools/bin/../lib/gcc/arm-none-eabi/10.3.1/../../../../arm-none-eabi/lib/thumb/v6-m/nofp/crt0.o
LOAD ./Core/Src/Ts.o
LOAD ./Core/Src/main.o
LOAD ./Core/Src/stm32f0xx_hal_msp.o
LOAD ./Core/Src/stm32f0xx_it.o
LOAD ./Core/Src/syscalls.o
LOAD ./Core/Src/sysmem.o
LOAD ./Core/Src/system_stm32f0xx.o
LOAD ./Core/Startup/startup_stm32f030r8tx.o
LOAD ./Drivers/STM32F0xx_HAL_Driver/Src/stm32f0xx_hal.o
LOAD ./Drivers/STM32F0xx_HAL_Driver/Src/stm32f0xx_hal_cortex.o
LOAD ./Drivers/STM32F0xx_HAL_Driver/Src/stm32f0xx_hal_dma.o
LOAD ./Drivers/STM32F0xx_HAL_Driver/Src/stm32f0xx_hal_exti.o
LOAD ./Drivers/STM32F0xx_HAL_Driver/Src/stm32f0xx_hal_flash.o
LOAD ./Drivers/STM32F0xx_HAL_Driver/Src/stm32f0xx_hal_flash_ex.o
LOAD ./Drivers/STM32F0xx_HAL_Driver/Src/stm32f0xx_hal_gpio.o
LOAD ./Drivers/STM32F0xx_HAL_Driver/Src/stm32f0xx_hal_i2c.o
LOAD ./Drivers/STM32F0xx_HAL_Driver/Src/stm32f0xx_hal_i2c_ex.o
LOAD ./Drivers/STM32F0xx_HAL_Driver/Src/stm32f0xx_hal_iwdg.o
LOAD ./Drivers/STM32F0xx_HAL_Driver/Src/stm32f0xx_hal_pwr.o
LOAD ./Drivers/STM32F0xx_HAL_Driver/Src/stm32f0xx_hal_pwr_ex.o
LOAD ./Drivers/STM32F0xx_HAL_Driver/Src/stm32f0xx_hal_rcc.o
LOAD ./Drivers/STM32F0xx_HAL_Driver/Src/stm32f0xx_hal_rcc_ex.o
LOAD ./Drivers/STM32F0xx_HAL_Driver/Src/stm32f0xx_hal_spi.o
LOAD ./Drivers/STM32F0xx_HAL_Driver/Src/stm32f0xx_hal_spi_ex.o
LOAD ./Drivers/STM32F0xx_HAL_Driver/Src/stm32f0xx_hal_tim.o
LOAD ./Drivers/STM32F0xx_HAL_Driver/Src/stm32f0xx_hal_tim_ex.o
START GROUP
LOAD c:/st/stm32cubeide_1.10.1/stm32cubeide/plugins/com.st.stm32cube.ide.mcu.externaltools.gnu-tools-for-stm32.10.3-2021.10.win32_1.0.200.202301161003/tools/bin/../lib/gcc/arm-none-eabi/10.3.1/../../../../arm-none-eabi/lib/thumb/v6-m/nofp\libstdc++_nano.a
LOAD c:/st/stm32cubeide_1.10.1/stm32cubeide/plugins/com.st.stm32cube.ide.mcu.externaltools.gnu-tools-for-stm32.10.3-2021.10.win32_1.0.200.202301161003/tools/bin/../lib/gcc/arm-none-eabi/10.3.1/../../../../arm-none-eabi/lib/thumb/v6-m/nofp\libsupc++_nano.a
END GROUP
LOAD c:/st/stm32cubeide_1.10.1/stm32cubeide/plugins/com.st.stm32cube.ide.mcu.externaltools.gnu-tools-for-stm32.10.3-2021.10.win32_1.0.200.202301161003/tools/bin/../lib/gcc/arm-none-eabi/10.3.1/../../../../arm-none-eabi/lib/thumb/v6-m/nofp\libstdc++_nano.a
LOAD c:/st/stm32cubeide_1.10.1/stm32cubeide/plugins/com.st.stm32cube.ide.mcu.externaltools.gnu-tools-for-stm32.10.3-2021.10.win32_1.0.200.202301161003/tools/bin/../lib/gcc/arm-none-eabi/10.3.1/../../../../arm-none-eabi/lib/thumb/v6-m/nofp\libm.a
LOAD c:/st/stm32cubeide_1.10.1/stm32cubeide/plugins/com.st.stm32cube.ide.mcu.externaltools.gnu-tools-for-stm32.10.3-2021.10.win32_1.0.200.202301161003/tools/bin/../lib/gcc/arm-none-eabi/10.3.1/../../../../arm-none-eabi/lib/thumb/v6-m/nofp\libc_nano.a
START GROUP
LOAD c:/st/stm32cubeide_1.10.1/stm32cubeide/plugins/com.st.stm32cube.ide.mcu.externaltools.gnu-tools-for-stm32.10.3-2021.10.win32_1.0.200.202301161003/tools/bin/../lib/gcc/arm-none-eabi/10.3.1/thumb/v6-m/nofp\libgcc.a
LOAD c:/st/stm32cubeide_1.10.1/stm32cubeide/plugins/com.st.stm32cube.ide.mcu.externaltools.gnu-tools-for-stm32.10.3-2021.10.win32_1.0.200.202301161003/tools/bin/../lib/gcc/arm-none-eabi/10.3.1/../../../../arm-none-eabi/lib/thumb/v6-m/nofp\libc_nano.a
END GROUP
START GROUP
LOAD c:/st/stm32cubeide_1.10.1/stm32cubeide/plugins/com.st.stm32cube.ide.mcu.externaltools.gnu-tools-for-stm32.10.3-2021.10.win32_1.0.200.202301161003/tools/bin/../lib/gcc/arm-none-eabi/10.3.1/thumb/v6-m/nofp\libgcc.a
LOAD c:/st/stm32cubeide_1.10.1/stm32cubeide/plugins/com.st.stm32cube.ide.mcu.externaltools.gnu-tools-for-stm32.10.3-2021.10.win32_1.0.200.202301161003/tools/bin/../lib/gcc/arm-none-eabi/10.3.1/../../../../arm-none-eabi/lib/thumb/v6-m/nofp\libc_nano.a
LOAD c:/st/stm32cubeide_1.10.1/stm32cubeide/plugins/com.st.stm32cube.ide.mcu.externaltools.gnu-tools-for-stm32.10.3-2021.10.win32_1.0.200.202301161003/tools/bin/../lib/gcc/arm-none-eabi/10.3.1/../../../../arm-none-eabi/lib/thumb/v6-m/nofp\libnosys.a
END GROUP
START GROUP
LOAD c:/st/stm32cubeide_1.10.1/stm32cubeide/plugins/com.st.stm32cube.ide.mcu.externaltools.gnu-tools-for-stm32.10.3-2021.10.win32_1.0.200.202301161003/tools/bin/../lib/gcc/arm-none-eabi/10.3.1/thumb/v6-m/nofp\libgcc.a
LOAD c:/st/stm32cubeide_1.10.1/stm32cubeide/plugins/com.st.stm32cube.ide.mcu.externaltools.gnu-tools-for-stm32.10.3-2021.10.win32_1.0.200.202301161003/tools/bin/../lib/gcc/arm-none-eabi/10.3.1/../../../../arm-none-eabi/lib/thumb/v6-m/nofp\libc_nano.a
LOAD c:/st/stm32cubeide_1.10.1/stm32cubeide/plugins/com.st.stm32cube.ide.mcu.externaltools.gnu-tools-for-stm32.10.3-2021.10.win32_1.0.200.202301161003/tools/bin/../lib/gcc/arm-none-eabi/10.3.1/../../../../arm-none-eabi/lib/thumb/v6-m/nofp\libnosys.a
END GROUP
LOAD c:/st/stm32cubeide_1.10.1/stm32cubeide/plugins/com.st.stm32cube.ide.mcu.externaltools.gnu-tools-for-stm32.10.3-2021.10.win32_1.0.200.202301161003/tools/bin/../lib/gcc/arm-none-eabi/10.3.1/thumb/v6-m/nofp/crtend.o
LOAD c:/st/stm32cubeide_1.10.1/stm32cubeide/plugins/com.st.stm32cube.ide.mcu.externaltools.gnu-tools-for-stm32.10.3-2021.10.win32_1.0.200.202301161003/tools/bin/../lib/gcc/arm-none-eabi/10.3.1/thumb/v6-m/nofp/crtn.o
                0x0000000020002000                _estack = (ORIGIN (RAM) + LENGTH (RAM))
                0x0000000000000200                _Min_Heap_Size = 0x200
                0x0000000000000400                _Min_Stack_Size = 0x400

.isr_vector     0x0000000008000000       0xc0
                0x0000000008000000                . = ALIGN (0x4)
 *(.isr_vector)
 .isr_vector    0x0000000008000000       0xc0 ./Core/Startup/startup_stm32f030r8tx.o
                0x0000000008000000                g_pfnVectors
                0x00000000080000c0                . = ALIGN (0x4)

.text           0x00000000080000c0     0x4358
                0x00000000080000c0                . = ALIGN (0x4)
 *(.text)
 .text          0x00000000080000c0       0x48 c:/st/stm32cubeide_1.10.1/stm32cubeide/plugins/com.st.stm32cube.ide.mcu.externaltools.gnu-tools-for-stm32.10.3-2021.10.win32_1.0.200.202301161003/tools/bin/../lib/gcc/arm-none-eabi/10.3.1/thumb/v6-m/nofp/crtbegin.o
 .text          0x0000000008000108      0x114 c:/st/stm32cubeide_1.10.1/stm32cubeide/plugins/com.st.stm32cube.ide.mcu.externaltools.gnu-tools-for-stm32.10.3-2021.10.win32_1.0.200.202301161003/tools/bin/../lib/gcc/arm-none-eabi/10.3.1/thumb/v6-m/nofp\libgcc.a(_udivsi3.o)
                0x0000000008000108                __aeabi_uidiv
                0x0000000008000108                __udivsi3
                0x0000000008000214                __aeabi_uidivmod
 .text          0x000000000800021c        0x4 c:/st/stm32cubeide_1.10.1/stm32cubeide/plugins/com.st.stm32cube.ide.mcu.externaltools.gnu-tools-for-stm32.10.3-2021.10.win32_1.0.200.202301161003/tools/bin/../lib/gcc/arm-none-eabi/10.3.1/thumb/v6-m/nofp\libgcc.a(_dvmd_tls.o)
                0x000000000800021c                __aeabi_idiv0
                0x000000000800021c                __aeabi_ldiv0
 *(.text*)
 .text._ZN2TsC2Ev
                0x0000000008000220       0x32 ./Core/Src/Ts.o
                0x0000000008000220                Ts::Ts()
                0x0000000008000220                Ts::Ts()
 .text._ZN2Ts3PinC2Ev
                0x0000000008000252       0x20 ./Core/Src/Ts.o
                0x0000000008000252                Ts::Pin::Pin()
                0x0000000008000252                Ts::Pin::Pin()
 .text._ZN2Ts3Pin6setValEP12GPIO_TypeDefh
                0x0000000008000272       0x24 ./Core/Src/Ts.o
                0x0000000008000272                Ts::Pin::setVal(GPIO_TypeDef*, unsigned char)
 .text._ZN2Ts3Pin7getPortEv
                0x0000000008000296       0x14 ./Core/Src/Ts.o
                0x0000000008000296                Ts::Pin::getPort()
 .text._ZN2Ts3Pin6getPinEv
                0x00000000080002aa       0x14 ./Core/Src/Ts.o
                0x00000000080002aa                Ts::Pin::getPin()
 .text._ZN2Ts5setSwEP12GPIO_TypeDefhS1_hS1_hS1_h
                0x00000000080002be       0x62 ./Core/Src/Ts.o
                0x00000000080002be                Ts::setSw(GPIO_TypeDef*, unsigned char, GPIO_TypeDef*, unsigned char, GPIO_TypeDef*, unsigned char, GPIO_TypeDef*, unsigned char)
 .text._ZN2Ts6setOutEP12GPIO_TypeDefh
                0x0000000008000320       0x28 ./Core/Src/Ts.o
                0x0000000008000320                Ts::setOut(GPIO_TypeDef*, unsigned char)
 .text._ZN2Ts9setPinNumEh
                0x0000000008000348       0x20 ./Core/Src/Ts.o
                0x0000000008000348                Ts::setPinNum(unsigned char)
 .text._ZN2Ts6selectEv
                0x0000000008000368      0x4a8 ./Core/Src/Ts.o
                0x0000000008000368                Ts::select()
 .text._ZN2Ts8unSelectEv
                0x0000000008000810      0x4a8 ./Core/Src/Ts.o
                0x0000000008000810                Ts::unSelect()
 .text._ZN2Ts4readEPhh
                0x0000000008000cb8       0x90 ./Core/Src/Ts.o
                0x0000000008000cb8                Ts::read(unsigned char*, unsigned char)
 .text.HAL_SPI_TxRxCpltCallback
                0x0000000008000d48       0x2c ./Core/Src/main.o
                0x0000000008000d48                HAL_SPI_TxRxCpltCallback
 .text.spiInterrupt
                0x0000000008000d74       0x84 ./Core/Src/main.o
                0x0000000008000d74                spiInterrupt
 .text.spiProcessing
                0x0000000008000df8      0x288 ./Core/Src/main.o
                0x0000000008000df8                spiProcessing
 .text.sendTu   0x0000000008001080       0xfc ./Core/Src/main.o
                0x0000000008001080                sendTu
 .text.HAL_SPI_TxCpltCallback
                0x000000000800117c       0x8c ./Core/Src/main.o
                0x000000000800117c                HAL_SPI_TxCpltCallback
 .text.HAL_SPI_ErrorCallback
                0x0000000008001208       0x94 ./Core/Src/main.o
                0x0000000008001208                HAL_SPI_ErrorCallback
 .text.tsInit   0x000000000800129c      0x148 ./Core/Src/main.o
                0x000000000800129c                tsInit
 .text.main     0x00000000080013e4       0x64 ./Core/Src/main.o
                0x00000000080013e4                main
 .text._Z18SystemClock_Configv
                0x0000000008001448       0xaa ./Core/Src/main.o
                0x0000000008001448                SystemClock_Config()
 *fill*         0x00000000080014f2        0x2 
 .text._ZL12MX_IWDG_Initv
                0x00000000080014f4       0x48 ./Core/Src/main.o
 .text._ZL12MX_SPI1_Initv
                0x000000000800153c       0x84 ./Core/Src/main.o
 .text._ZL12MX_SPI2_Initv
                0x00000000080015c0       0x7c ./Core/Src/main.o
 .text._ZL11MX_DMA_Initv
                0x000000000800163c       0x4c ./Core/Src/main.o
 .text._ZL12MX_GPIO_Initv
                0x0000000008001688      0x188 ./Core/Src/main.o
 .text.Error_Handler
                0x0000000008001810        0xa ./Core/Src/main.o
                0x0000000008001810                Error_Handler
 *fill*         0x000000000800181a        0x2 
 .text._Z41__static_initialization_and_destruction_0ii
                0x000000000800181c       0x40 ./Core/Src/main.o
 .text._GLOBAL__sub_I_hiwdg
                0x000000000800185c       0x18 ./Core/Src/main.o
 .text.HAL_MspInit
                0x0000000008001874       0x48 ./Core/Src/stm32f0xx_hal_msp.o
                0x0000000008001874                HAL_MspInit
 .text.HAL_SPI_MspInit
                0x00000000080018bc      0x290 ./Core/Src/stm32f0xx_hal_msp.o
                0x00000000080018bc                HAL_SPI_MspInit
 .text.NMI_Handler
                0x0000000008001b4c        0xa ./Core/Src/stm32f0xx_it.o
                0x0000000008001b4c                NMI_Handler
 .text.HardFault_Handler
                0x0000000008001b56        0x6 ./Core/Src/stm32f0xx_it.o
                0x0000000008001b56                HardFault_Handler
 .text.SVC_Handler
                0x0000000008001b5c        0xa ./Core/Src/stm32f0xx_it.o
                0x0000000008001b5c                SVC_Handler
 .text.PendSV_Handler
                0x0000000008001b66        0xa ./Core/Src/stm32f0xx_it.o
                0x0000000008001b66                PendSV_Handler
 .text.SysTick_Handler
                0x0000000008001b70        0xe ./Core/Src/stm32f0xx_it.o
                0x0000000008001b70                SysTick_Handler
 *fill*         0x0000000008001b7e        0x2 
 .text.DMA1_Channel2_3_IRQHandler
                0x0000000008001b80       0x24 ./Core/Src/stm32f0xx_it.o
                0x0000000008001b80                DMA1_Channel2_3_IRQHandler
 .text.DMA1_Channel4_5_IRQHandler
                0x0000000008001ba4       0x24 ./Core/Src/stm32f0xx_it.o
                0x0000000008001ba4                DMA1_Channel4_5_IRQHandler
 .text.SPI1_IRQHandler
                0x0000000008001bc8       0x18 ./Core/Src/stm32f0xx_it.o
                0x0000000008001bc8                SPI1_IRQHandler
 .text.SPI2_IRQHandler
                0x0000000008001be0       0x18 ./Core/Src/stm32f0xx_it.o
                0x0000000008001be0                SPI2_IRQHandler
 .text.SystemInit
                0x0000000008001bf8       0x88 ./Core/Src/system_stm32f0xx.o
                0x0000000008001bf8                SystemInit
 .text.Reset_Handler
                0x0000000008001c80       0x50 ./Core/Startup/startup_stm32f030r8tx.o
                0x0000000008001c80                Reset_Handler
 .text.Default_Handler
                0x0000000008001cd0        0x2 ./Core/Startup/startup_stm32f030r8tx.o
                0x0000000008001cd0                TIM1_CC_IRQHandler
                0x0000000008001cd0                TIM6_IRQHandler
                0x0000000008001cd0                I2C1_IRQHandler
                0x0000000008001cd0                EXTI2_3_IRQHandler
                0x0000000008001cd0                ADC1_IRQHandler
                0x0000000008001cd0                I2C2_IRQHandler
                0x0000000008001cd0                TIM17_IRQHandler
                0x0000000008001cd0                RTC_IRQHandler
                0x0000000008001cd0                TIM16_IRQHandler
                0x0000000008001cd0                TIM3_IRQHandler
                0x0000000008001cd0                EXTI4_15_IRQHandler
                0x0000000008001cd0                RCC_IRQHandler
                0x0000000008001cd0                DMA1_Channel1_IRQHandler
                0x0000000008001cd0                Default_Handler
                0x0000000008001cd0                TIM14_IRQHandler
                0x0000000008001cd0                TIM15_IRQHandler
                0x0000000008001cd0                EXTI0_1_IRQHandler
                0x0000000008001cd0                WWDG_IRQHandler
                0x0000000008001cd0                USART2_IRQHandler
                0x0000000008001cd0                FLASH_IRQHandler
                0x0000000008001cd0                USART1_IRQHandler
                0x0000000008001cd0                TIM1_BRK_UP_TRG_COM_IRQHandler
 *fill*         0x0000000008001cd2        0x2 
 .text.HAL_Init
                0x0000000008001cd4       0x28 ./Drivers/STM32F0xx_HAL_Driver/Src/stm32f0xx_hal.o
                0x0000000008001cd4                HAL_Init
 .text.HAL_InitTick
                0x0000000008001cfc       0x68 ./Drivers/STM32F0xx_HAL_Driver/Src/stm32f0xx_hal.o
                0x0000000008001cfc                HAL_InitTick
 .text.HAL_IncTick
                0x0000000008001d64       0x24 ./Drivers/STM32F0xx_HAL_Driver/Src/stm32f0xx_hal.o
                0x0000000008001d64                HAL_IncTick
 .text.HAL_GetTick
                0x0000000008001d88       0x14 ./Drivers/STM32F0xx_HAL_Driver/Src/stm32f0xx_hal.o
                0x0000000008001d88                HAL_GetTick
 .text.__NVIC_EnableIRQ
                0x0000000008001d9c       0x34 ./Drivers/STM32F0xx_HAL_Driver/Src/stm32f0xx_hal_cortex.o
 .text.__NVIC_SetPriority
                0x0000000008001dd0       0xdc ./Drivers/STM32F0xx_HAL_Driver/Src/stm32f0xx_hal_cortex.o
 .text.SysTick_Config
                0x0000000008001eac       0x48 ./Drivers/STM32F0xx_HAL_Driver/Src/stm32f0xx_hal_cortex.o
 .text.HAL_NVIC_SetPriority
                0x0000000008001ef4       0x2a ./Drivers/STM32F0xx_HAL_Driver/Src/stm32f0xx_hal_cortex.o
                0x0000000008001ef4                HAL_NVIC_SetPriority
 .text.HAL_NVIC_EnableIRQ
                0x0000000008001f1e       0x20 ./Drivers/STM32F0xx_HAL_Driver/Src/stm32f0xx_hal_cortex.o
                0x0000000008001f1e                HAL_NVIC_EnableIRQ
 .text.HAL_SYSTICK_Config
                0x0000000008001f3e       0x1a ./Drivers/STM32F0xx_HAL_Driver/Src/stm32f0xx_hal_cortex.o
                0x0000000008001f3e                HAL_SYSTICK_Config
 .text.HAL_DMA_Init
                0x0000000008001f58       0x90 ./Drivers/STM32F0xx_HAL_Driver/Src/stm32f0xx_hal_dma.o
                0x0000000008001f58                HAL_DMA_Init
 .text.HAL_DMA_Start_IT
                0x0000000008001fe8       0xcc ./Drivers/STM32F0xx_HAL_Driver/Src/stm32f0xx_hal_dma.o
                0x0000000008001fe8                HAL_DMA_Start_IT
 .text.HAL_DMA_Abort
                0x00000000080020b4       0x70 ./Drivers/STM32F0xx_HAL_Driver/Src/stm32f0xx_hal_dma.o
                0x00000000080020b4                HAL_DMA_Abort
 .text.HAL_DMA_Abort_IT
                0x0000000008002124       0x8a ./Drivers/STM32F0xx_HAL_Driver/Src/stm32f0xx_hal_dma.o
                0x0000000008002124                HAL_DMA_Abort_IT
 .text.HAL_DMA_IRQHandler
                0x00000000080021ae      0x144 ./Drivers/STM32F0xx_HAL_Driver/Src/stm32f0xx_hal_dma.o
                0x00000000080021ae                HAL_DMA_IRQHandler
 .text.DMA_SetConfig
                0x00000000080022f2       0x58 ./Drivers/STM32F0xx_HAL_Driver/Src/stm32f0xx_hal_dma.o
 *fill*         0x000000000800234a        0x2 
 .text.DMA_CalcBaseAndBitshift
                0x000000000800234c       0x38 ./Drivers/STM32F0xx_HAL_Driver/Src/stm32f0xx_hal_dma.o
 .text.HAL_GPIO_Init
                0x0000000008002384      0x2e0 ./Drivers/STM32F0xx_HAL_Driver/Src/stm32f0xx_hal_gpio.o
                0x0000000008002384                HAL_GPIO_Init
 .text.HAL_GPIO_WritePin
                0x0000000008002664       0x3a ./Drivers/STM32F0xx_HAL_Driver/Src/stm32f0xx_hal_gpio.o
                0x0000000008002664                HAL_GPIO_WritePin
 *fill*         0x000000000800269e        0x2 
 .text.HAL_IWDG_Init
                0x00000000080026a0       0xa4 ./Drivers/STM32F0xx_HAL_Driver/Src/stm32f0xx_hal_iwdg.o
                0x00000000080026a0                HAL_IWDG_Init
 .text.HAL_IWDG_Refresh
                0x0000000008002744       0x20 ./Drivers/STM32F0xx_HAL_Driver/Src/stm32f0xx_hal_iwdg.o
                0x0000000008002744                HAL_IWDG_Refresh
 .text.HAL_RCC_OscConfig
                0x0000000008002764      0x634 ./Drivers/STM32F0xx_HAL_Driver/Src/stm32f0xx_hal_rcc.o
                0x0000000008002764                HAL_RCC_OscConfig
 .text.HAL_RCC_ClockConfig
                0x0000000008002d98      0x19c ./Drivers/STM32F0xx_HAL_Driver/Src/stm32f0xx_hal_rcc.o
                0x0000000008002d98                HAL_RCC_ClockConfig
 .text.HAL_RCC_GetSysClockFreq
                0x0000000008002f34       0xac ./Drivers/STM32F0xx_HAL_Driver/Src/stm32f0xx_hal_rcc.o
                0x0000000008002f34                HAL_RCC_GetSysClockFreq
 .text.HAL_SPI_Init
                0x0000000008002fe0      0x170 ./Drivers/STM32F0xx_HAL_Driver/Src/stm32f0xx_hal_spi.o
                0x0000000008002fe0                HAL_SPI_Init
 .text.HAL_SPI_Transmit_DMA
                0x0000000008003150      0x204 ./Drivers/STM32F0xx_HAL_Driver/Src/stm32f0xx_hal_spi.o
                0x0000000008003150                HAL_SPI_Transmit_DMA
 .text.HAL_SPI_TransmitReceive_DMA
                0x0000000008003354      0x378 ./Drivers/STM32F0xx_HAL_Driver/Src/stm32f0xx_hal_spi.o
                0x0000000008003354                HAL_SPI_TransmitReceive_DMA
 .text.HAL_SPI_Abort
                0x00000000080036cc      0x244 ./Drivers/STM32F0xx_HAL_Driver/Src/stm32f0xx_hal_spi.o
                0x00000000080036cc                HAL_SPI_Abort
 .text.HAL_SPI_IRQHandler
                0x0000000008003910      0x1fc ./Drivers/STM32F0xx_HAL_Driver/Src/stm32f0xx_hal_spi.o
                0x0000000008003910                HAL_SPI_IRQHandler
 .text.HAL_SPI_RxCpltCallback
                0x0000000008003b0c       0x10 ./Drivers/STM32F0xx_HAL_Driver/Src/stm32f0xx_hal_spi.o
                0x0000000008003b0c                HAL_SPI_RxCpltCallback
 .text.HAL_SPI_TxHalfCpltCallback
                0x0000000008003b1c       0x10 ./Drivers/STM32F0xx_HAL_Driver/Src/stm32f0xx_hal_spi.o
                0x0000000008003b1c                HAL_SPI_TxHalfCpltCallback
 .text.HAL_SPI_RxHalfCpltCallback
                0x0000000008003b2c       0x10 ./Drivers/STM32F0xx_HAL_Driver/Src/stm32f0xx_hal_spi.o
                0x0000000008003b2c                HAL_SPI_RxHalfCpltCallback
 .text.HAL_SPI_TxRxHalfCpltCallback
                0x0000000008003b3c       0x10 ./Drivers/STM32F0xx_HAL_Driver/Src/stm32f0xx_hal_spi.o
                0x0000000008003b3c                HAL_SPI_TxRxHalfCpltCallback
 .text.SPI_DMATransmitCplt
                0x0000000008003b4c       0xac ./Drivers/STM32F0xx_HAL_Driver/Src/stm32f0xx_hal_spi.o
 .text.SPI_DMAReceiveCplt
                0x0000000008003bf8       0xb0 ./Drivers/STM32F0xx_HAL_Driver/Src/stm32f0xx_hal_spi.o
 .text.SPI_DMATransmitReceiveCplt
                0x0000000008003ca8       0x96 ./Drivers/STM32F0xx_HAL_Driver/Src/stm32f0xx_hal_spi.o
 .text.SPI_DMAHalfTransmitCplt
                0x0000000008003d3e       0x1e ./Drivers/STM32F0xx_HAL_Driver/Src/stm32f0xx_hal_spi.o
 .text.SPI_DMAHalfReceiveCplt
                0x0000000008003d5c       0x1e ./Drivers/STM32F0xx_HAL_Driver/Src/stm32f0xx_hal_spi.o
 .text.SPI_DMAHalfTransmitReceiveCplt
                0x0000000008003d7a       0x1e ./Drivers/STM32F0xx_HAL_Driver/Src/stm32f0xx_hal_spi.o
 .text.SPI_DMAError
                0x0000000008003d98       0x42 ./Drivers/STM32F0xx_HAL_Driver/Src/stm32f0xx_hal_spi.o
 .text.SPI_DMAAbortOnError
                0x0000000008003dda       0x2c ./Drivers/STM32F0xx_HAL_Driver/Src/stm32f0xx_hal_spi.o
 *fill*         0x0000000008003e06        0x2 
 .text.SPI_WaitFlagStateUntilTimeout
                0x0000000008003e08      0x11c ./Drivers/STM32F0xx_HAL_Driver/Src/stm32f0xx_hal_spi.o
 .text.SPI_WaitFifoStateUntilTimeout
                0x0000000008003f24      0x144 ./Drivers/STM32F0xx_HAL_Driver/Src/stm32f0xx_hal_spi.o
 .text.SPI_EndRxTransaction
                0x0000000008004068       0xbc ./Drivers/STM32F0xx_HAL_Driver/Src/stm32f0xx_hal_spi.o
 .text.SPI_EndRxTxTransaction
                0x0000000008004124       0x8c ./Drivers/STM32F0xx_HAL_Driver/Src/stm32f0xx_hal_spi.o
 .text.SPI_AbortRx_ISR
                0x00000000080041b0       0xbc ./Drivers/STM32F0xx_HAL_Driver/Src/stm32f0xx_hal_spi.o
 .text.SPI_AbortTx_ISR
                0x000000000800426c      0x13c ./Drivers/STM32F0xx_HAL_Driver/Src/stm32f0xx_hal_spi.o
 .text.__libc_init_array
                0x00000000080043a8       0x48 c:/st/stm32cubeide_1.10.1/stm32cubeide/plugins/com.st.stm32cube.ide.mcu.externaltools.gnu-tools-for-stm32.10.3-2021.10.win32_1.0.200.202301161003/tools/bin/../lib/gcc/arm-none-eabi/10.3.1/../../../../arm-none-eabi/lib/thumb/v6-m/nofp\libc_nano.a(lib_a-init.o)
                0x00000000080043a8                __libc_init_array
 .text.memset   0x00000000080043f0       0x10 c:/st/stm32cubeide_1.10.1/stm32cubeide/plugins/com.st.stm32cube.ide.mcu.externaltools.gnu-tools-for-stm32.10.3-2021.10.win32_1.0.200.202301161003/tools/bin/../lib/gcc/arm-none-eabi/10.3.1/../../../../arm-none-eabi/lib/thumb/v6-m/nofp\libc_nano.a(lib_a-memset.o)
                0x00000000080043f0                memset
 *(.glue_7)
 .glue_7        0x0000000008004400        0x0 linker stubs
 *(.glue_7t)
 .glue_7t       0x0000000008004400        0x0 linker stubs
 *(.eh_frame)
 .eh_frame      0x0000000008004400        0x0 c:/st/stm32cubeide_1.10.1/stm32cubeide/plugins/com.st.stm32cube.ide.mcu.externaltools.gnu-tools-for-stm32.10.3-2021.10.win32_1.0.200.202301161003/tools/bin/../lib/gcc/arm-none-eabi/10.3.1/thumb/v6-m/nofp/crtbegin.o
 *(.init)
 .init          0x0000000008004400        0x4 c:/st/stm32cubeide_1.10.1/stm32cubeide/plugins/com.st.stm32cube.ide.mcu.externaltools.gnu-tools-for-stm32.10.3-2021.10.win32_1.0.200.202301161003/tools/bin/../lib/gcc/arm-none-eabi/10.3.1/thumb/v6-m/nofp/crti.o
                0x0000000008004400                _init
 .init          0x0000000008004404        0x8 c:/st/stm32cubeide_1.10.1/stm32cubeide/plugins/com.st.stm32cube.ide.mcu.externaltools.gnu-tools-for-stm32.10.3-2021.10.win32_1.0.200.202301161003/tools/bin/../lib/gcc/arm-none-eabi/10.3.1/thumb/v6-m/nofp/crtn.o
 *(.fini)
 .fini          0x000000000800440c        0x4 c:/st/stm32cubeide_1.10.1/stm32cubeide/plugins/com.st.stm32cube.ide.mcu.externaltools.gnu-tools-for-stm32.10.3-2021.10.win32_1.0.200.202301161003/tools/bin/../lib/gcc/arm-none-eabi/10.3.1/thumb/v6-m/nofp/crti.o
                0x000000000800440c                _fini
 .fini          0x0000000008004410        0x8 c:/st/stm32cubeide_1.10.1/stm32cubeide/plugins/com.st.stm32cube.ide.mcu.externaltools.gnu-tools-for-stm32.10.3-2021.10.win32_1.0.200.202301161003/tools/bin/../lib/gcc/arm-none-eabi/10.3.1/thumb/v6-m/nofp/crtn.o
                0x0000000008004418                . = ALIGN (0x4)
                0x0000000008004418                _etext = .

.vfp11_veneer   0x0000000008004418        0x0
 .vfp11_veneer  0x0000000008004418        0x0 linker stubs

.v4_bx          0x0000000008004418        0x0
 .v4_bx         0x0000000008004418        0x0 linker stubs

.iplt           0x0000000008004418        0x0
 .iplt          0x0000000008004418        0x0 c:/st/stm32cubeide_1.10.1/stm32cubeide/plugins/com.st.stm32cube.ide.mcu.externaltools.gnu-tools-for-stm32.10.3-2021.10.win32_1.0.200.202301161003/tools/bin/../lib/gcc/arm-none-eabi/10.3.1/thumb/v6-m/nofp/crtbegin.o

.rodata         0x0000000008004418       0xb0
                0x0000000008004418                . = ALIGN (0x4)
 *(.rodata)
 *(.rodata*)
 .rodata._ZN2Ts6selectEv
                0x0000000008004418       0x40 ./Core/Src/Ts.o
 .rodata._ZN2Ts8unSelectEv
                0x0000000008004458       0x40 ./Core/Src/Ts.o
 .rodata.AHBPrescTable
                0x0000000008004498       0x10 ./Core/Src/system_stm32f0xx.o
                0x0000000008004498                AHBPrescTable
 .rodata.aPLLMULFactorTable.1
                0x00000000080044a8       0x10 ./Drivers/STM32F0xx_HAL_Driver/Src/stm32f0xx_hal_rcc.o
 .rodata.aPredivFactorTable.0
                0x00000000080044b8       0x10 ./Drivers/STM32F0xx_HAL_Driver/Src/stm32f0xx_hal_rcc.o
                0x00000000080044c8                . = ALIGN (0x4)

.rel.dyn        0x00000000080044c8        0x0
 .rel.iplt      0x00000000080044c8        0x0 c:/st/stm32cubeide_1.10.1/stm32cubeide/plugins/com.st.stm32cube.ide.mcu.externaltools.gnu-tools-for-stm32.10.3-2021.10.win32_1.0.200.202301161003/tools/bin/../lib/gcc/arm-none-eabi/10.3.1/thumb/v6-m/nofp/crtbegin.o

.ARM.extab      0x00000000080044c8        0x0
                0x00000000080044c8                . = ALIGN (0x4)
 *(.ARM.extab* .gnu.linkonce.armextab.*)
                0x00000000080044c8                . = ALIGN (0x4)

.ARM            0x00000000080044c8        0x0
                0x00000000080044c8                . = ALIGN (0x4)
                0x00000000080044c8                __exidx_start = .
 *(.ARM.exidx*)
                0x00000000080044c8                __exidx_end = .
                0x00000000080044c8                . = ALIGN (0x4)

.preinit_array  0x00000000080044c8        0x0
                0x00000000080044c8                . = ALIGN (0x4)
                0x00000000080044c8                PROVIDE (__preinit_array_start = .)
 *(.preinit_array*)
                0x00000000080044c8                PROVIDE (__preinit_array_end = .)
                0x00000000080044c8                . = ALIGN (0x4)

.init_array     0x00000000080044c8        0x8
                0x00000000080044c8                . = ALIGN (0x4)
                0x00000000080044c8                PROVIDE (__init_array_start = .)
 *(SORT_BY_NAME(.init_array.*))
 *(.init_array*)
 .init_array    0x00000000080044c8        0x4 c:/st/stm32cubeide_1.10.1/stm32cubeide/plugins/com.st.stm32cube.ide.mcu.externaltools.gnu-tools-for-stm32.10.3-2021.10.win32_1.0.200.202301161003/tools/bin/../lib/gcc/arm-none-eabi/10.3.1/thumb/v6-m/nofp/crtbegin.o
 .init_array    0x00000000080044cc        0x4 ./Core/Src/main.o
                0x00000000080044d0                PROVIDE (__init_array_end = .)
                0x00000000080044d0                . = ALIGN (0x4)

.fini_array     0x00000000080044d0        0x4
                0x00000000080044d0                . = ALIGN (0x4)
                [!provide]                        PROVIDE (__fini_array_start = .)
 *(SORT_BY_NAME(.fini_array.*))
 *(.fini_array*)
 .fini_array    0x00000000080044d0        0x4 c:/st/stm32cubeide_1.10.1/stm32cubeide/plugins/com.st.stm32cube.ide.mcu.externaltools.gnu-tools-for-stm32.10.3-2021.10.win32_1.0.200.202301161003/tools/bin/../lib/gcc/arm-none-eabi/10.3.1/thumb/v6-m/nofp/crtbegin.o
                [!provide]                        PROVIDE (__fini_array_end = .)
                0x00000000080044d4                . = ALIGN (0x4)
                0x00000000080044d4                _sidata = LOADADDR (.data)

.data           0x0000000020000000       0x28 load address 0x00000000080044d4
                0x0000000020000000                . = ALIGN (0x4)
                0x0000000020000000                _sdata = .
 *(.data)
 *(.data*)
 .data.txBuff   0x0000000020000000        0xc ./Core/Src/main.o
                0x0000000020000000                txBuff
 .data.rx       0x000000002000000c        0x8 ./Core/Src/main.o
                0x000000002000000c                rx
 .data.tx       0x0000000020000014        0x8 ./Core/Src/main.o
                0x0000000020000014                tx
 .data.SystemCoreClock
                0x000000002000001c        0x4 ./Core/Src/system_stm32f0xx.o
                0x000000002000001c                SystemCoreClock
 .data.uwTickPrio
                0x0000000020000020        0x4 ./Drivers/STM32F0xx_HAL_Driver/Src/stm32f0xx_hal.o
                0x0000000020000020                uwTickPrio
 .data.uwTickFreq
                0x0000000020000024        0x1 ./Drivers/STM32F0xx_HAL_Driver/Src/stm32f0xx_hal.o
                0x0000000020000024                uwTickFreq
 *(.RamFunc)
 *(.RamFunc*)
                0x0000000020000028                . = ALIGN (0x4)
 *fill*         0x0000000020000025        0x3 
                0x0000000020000028                _edata = .

.igot.plt       0x0000000020000028        0x0 load address 0x00000000080044fc
 .igot.plt      0x0000000020000028        0x0 c:/st/stm32cubeide_1.10.1/stm32cubeide/plugins/com.st.stm32cube.ide.mcu.externaltools.gnu-tools-for-stm32.10.3-2021.10.win32_1.0.200.202301161003/tools/bin/../lib/gcc/arm-none-eabi/10.3.1/thumb/v6-m/nofp/crtbegin.o
                0x0000000020000028                . = ALIGN (0x4)

.bss            0x0000000020000028      0x4e0 load address 0x00000000080044fc
                0x0000000020000028                _sbss = .
                0x0000000020000028                __bss_start__ = _sbss
 *(.bss)
 .bss           0x0000000020000028       0x1c c:/st/stm32cubeide_1.10.1/stm32cubeide/plugins/com.st.stm32cube.ide.mcu.externaltools.gnu-tools-for-stm32.10.3-2021.10.win32_1.0.200.202301161003/tools/bin/../lib/gcc/arm-none-eabi/10.3.1/thumb/v6-m/nofp/crtbegin.o
 *(.bss*)
 .bss.hiwdg     0x0000000020000044       0x10 ./Core/Src/main.o
                0x0000000020000044                hiwdg
 .bss.hspi1     0x0000000020000054       0x64 ./Core/Src/main.o
                0x0000000020000054                hspi1
 .bss.hspi2     0x00000000200000b8       0x64 ./Core/Src/main.o
                0x00000000200000b8                hspi2
 .bss.hdma_spi1_rx
                0x000000002000011c       0x44 ./Core/Src/main.o
                0x000000002000011c                hdma_spi1_rx
 .bss.hdma_spi1_tx
                0x0000000020000160       0x44 ./Core/Src/main.o
                0x0000000020000160                hdma_spi1_tx
 .bss.hdma_spi2_rx
                0x00000000200001a4       0x44 ./Core/Src/main.o
                0x00000000200001a4                hdma_spi2_rx
 .bss.hdma_spi2_tx
                0x00000000200001e8       0x44 ./Core/Src/main.o
                0x00000000200001e8                hdma_spi2_tx
 .bss.rxBuff    0x000000002000022c        0xc ./Core/Src/main.o
                0x000000002000022c                rxBuff
 .bss.rxSaved   0x0000000020000238        0x4 ./Core/Src/main.o
                0x0000000020000238                rxSaved
 .bss.spiState  0x000000002000023c        0x2 ./Core/Src/main.o
                0x000000002000023c                spiState
 .bss.spiBuffNum
                0x000000002000023e        0x1 ./Core/Src/main.o
                0x000000002000023e                spiBuffNum
 .bss.tuState   0x000000002000023f        0x1 ./Core/Src/main.o
                0x000000002000023f                tuState
 .bss.tu        0x0000000020000240        0x2 ./Core/Src/main.o
                0x0000000020000240                tu
 .bss.shiftRegNum
                0x0000000020000242        0x1 ./Core/Src/main.o
                0x0000000020000242                shiftRegNum
 .bss.sendTuNum
                0x0000000020000243        0x1 ./Core/Src/main.o
                0x0000000020000243                sendTuNum
 .bss.ts        0x0000000020000244      0x2c0 ./Core/Src/main.o
                0x0000000020000244                ts
 .bss.uwTick    0x0000000020000504        0x4 ./Drivers/STM32F0xx_HAL_Driver/Src/stm32f0xx_hal.o
                0x0000000020000504                uwTick
 *(COMMON)
                0x0000000020000508                . = ALIGN (0x4)
                0x0000000020000508                _ebss = .
                0x0000000020000508                __bss_end__ = _ebss

._user_heap_stack
                0x0000000020000508      0x600 load address 0x00000000080044fc
                0x0000000020000508                . = ALIGN (0x8)
                [!provide]                        PROVIDE (end = .)
                0x0000000020000508                PROVIDE (_end = .)
                0x0000000020000708                . = (. + _Min_Heap_Size)
 *fill*         0x0000000020000508      0x200 
                0x0000000020000b08                . = (. + _Min_Stack_Size)
 *fill*         0x0000000020000708      0x400 
                0x0000000020000b08                . = ALIGN (0x8)

/DISCARD/
 libc.a(*)
 libm.a(*)
 libgcc.a(*)

.ARM.attributes
                0x0000000000000000       0x28
 *(.ARM.attributes)
 .ARM.attributes
                0x0000000000000000       0x1e c:/st/stm32cubeide_1.10.1/stm32cubeide/plugins/com.st.stm32cube.ide.mcu.externaltools.gnu-tools-for-stm32.10.3-2021.10.win32_1.0.200.202301161003/tools/bin/../lib/gcc/arm-none-eabi/10.3.1/thumb/v6-m/nofp/crti.o
 .ARM.attributes
                0x000000000000001e       0x2c c:/st/stm32cubeide_1.10.1/stm32cubeide/plugins/com.st.stm32cube.ide.mcu.externaltools.gnu-tools-for-stm32.10.3-2021.10.win32_1.0.200.202301161003/tools/bin/../lib/gcc/arm-none-eabi/10.3.1/thumb/v6-m/nofp/crtbegin.o
 .ARM.attributes
                0x000000000000004a       0x2c ./Core/Src/Ts.o
 .ARM.attributes
                0x0000000000000076       0x2c ./Core/Src/main.o
 .ARM.attributes
                0x00000000000000a2       0x2c ./Core/Src/stm32f0xx_hal_msp.o
 .ARM.attributes
                0x00000000000000ce       0x2c ./Core/Src/stm32f0xx_it.o
 .ARM.attributes
                0x00000000000000fa       0x2c ./Core/Src/system_stm32f0xx.o
 .ARM.attributes
                0x0000000000000126       0x21 ./Core/Startup/startup_stm32f030r8tx.o
 .ARM.attributes
                0x0000000000000147       0x2c ./Drivers/STM32F0xx_HAL_Driver/Src/stm32f0xx_hal.o
 .ARM.attributes
                0x0000000000000173       0x2c ./Drivers/STM32F0xx_HAL_Driver/Src/stm32f0xx_hal_cortex.o
 .ARM.attributes
                0x000000000000019f       0x2c ./Drivers/STM32F0xx_HAL_Driver/Src/stm32f0xx_hal_dma.o
 .ARM.attributes
                0x00000000000001cb       0x2c ./Drivers/STM32F0xx_HAL_Driver/Src/stm32f0xx_hal_gpio.o
 .ARM.attributes
                0x00000000000001f7       0x2c ./Drivers/STM32F0xx_HAL_Driver/Src/stm32f0xx_hal_iwdg.o
 .ARM.attributes
                0x0000000000000223       0x2c ./Drivers/STM32F0xx_HAL_Driver/Src/stm32f0xx_hal_rcc.o
 .ARM.attributes
                0x000000000000024f       0x2c ./Drivers/STM32F0xx_HAL_Driver/Src/stm32f0xx_hal_spi.o
 .ARM.attributes
                0x000000000000027b       0x2c c:/st/stm32cubeide_1.10.1/stm32cubeide/plugins/com.st.stm32cube.ide.mcu.externaltools.gnu-tools-for-stm32.10.3-2021.10.win32_1.0.200.202301161003/tools/bin/../lib/gcc/arm-none-eabi/10.3.1/../../../../arm-none-eabi/lib/thumb/v6-m/nofp\libc_nano.a(lib_a-init.o)
 .ARM.attributes
                0x00000000000002a7       0x2c c:/st/stm32cubeide_1.10.1/stm32cubeide/plugins/com.st.stm32cube.ide.mcu.externaltools.gnu-tools-for-stm32.10.3-2021.10.win32_1.0.200.202301161003/tools/bin/../lib/gcc/arm-none-eabi/10.3.1/../../../../arm-none-eabi/lib/thumb/v6-m/nofp\libc_nano.a(lib_a-memset.o)
 .ARM.attributes
                0x00000000000002d3       0x1e c:/st/stm32cubeide_1.10.1/stm32cubeide/plugins/com.st.stm32cube.ide.mcu.externaltools.gnu-tools-for-stm32.10.3-2021.10.win32_1.0.200.202301161003/tools/bin/../lib/gcc/arm-none-eabi/10.3.1/thumb/v6-m/nofp\libgcc.a(_udivsi3.o)
 .ARM.attributes
                0x00000000000002f1       0x1e c:/st/stm32cubeide_1.10.1/stm32cubeide/plugins/com.st.stm32cube.ide.mcu.externaltools.gnu-tools-for-stm32.10.3-2021.10.win32_1.0.200.202301161003/tools/bin/../lib/gcc/arm-none-eabi/10.3.1/thumb/v6-m/nofp\libgcc.a(_dvmd_tls.o)
 .ARM.attributes
                0x000000000000030f       0x1e c:/st/stm32cubeide_1.10.1/stm32cubeide/plugins/com.st.stm32cube.ide.mcu.externaltools.gnu-tools-for-stm32.10.3-2021.10.win32_1.0.200.202301161003/tools/bin/../lib/gcc/arm-none-eabi/10.3.1/thumb/v6-m/nofp/crtn.o
OUTPUT(tu_rev2.elf elf32-littlearm)
LOAD linker stubs
LOAD c:/st/stm32cubeide_1.10.1/stm32cubeide/plugins/com.st.stm32cube.ide.mcu.externaltools.gnu-tools-for-stm32.10.3-2021.10.win32_1.0.200.202301161003/tools/bin/../lib/gcc/arm-none-eabi/10.3.1/../../../../arm-none-eabi/lib/thumb/v6-m/nofp\libc.a
LOAD c:/st/stm32cubeide_1.10.1/stm32cubeide/plugins/com.st.stm32cube.ide.mcu.externaltools.gnu-tools-for-stm32.10.3-2021.10.win32_1.0.200.202301161003/tools/bin/../lib/gcc/arm-none-eabi/10.3.1/../../../../arm-none-eabi/lib/thumb/v6-m/nofp\libm.a
LOAD c:/st/stm32cubeide_1.10.1/stm32cubeide/plugins/com.st.stm32cube.ide.mcu.externaltools.gnu-tools-for-stm32.10.3-2021.10.win32_1.0.200.202301161003/tools/bin/../lib/gcc/arm-none-eabi/10.3.1/thumb/v6-m/nofp\libgcc.a

.debug_info     0x0000000000000000     0x6c56
 .debug_info    0x0000000000000000      0x66a ./Core/Src/Ts.o
 .debug_info    0x000000000000066a     0x151f ./Core/Src/main.o
 .debug_info    0x0000000000001b89      0xa73 ./Core/Src/stm32f0xx_hal_msp.o
 .debug_info    0x00000000000025fc      0x6b5 ./Core/Src/stm32f0xx_it.o
 .debug_info    0x0000000000002cb1      0x26e ./Core/Src/system_stm32f0xx.o
 .debug_info    0x0000000000002f1f       0x22 ./Core/Startup/startup_stm32f030r8tx.o
 .debug_info    0x0000000000002f41      0x6bb ./Drivers/STM32F0xx_HAL_Driver/Src/stm32f0xx_hal.o
 .debug_info    0x00000000000035fc      0x6f9 ./Drivers/STM32F0xx_HAL_Driver/Src/stm32f0xx_hal_cortex.o
 .debug_info    0x0000000000003cf5      0x752 ./Drivers/STM32F0xx_HAL_Driver/Src/stm32f0xx_hal_dma.o
 .debug_info    0x0000000000004447      0x611 ./Drivers/STM32F0xx_HAL_Driver/Src/stm32f0xx_hal_gpio.o
 .debug_info    0x0000000000004a58      0x209 ./Drivers/STM32F0xx_HAL_Driver/Src/stm32f0xx_hal_iwdg.o
 .debug_info    0x0000000000004c61      0x88c ./Drivers/STM32F0xx_HAL_Driver/Src/stm32f0xx_hal_rcc.o
 .debug_info    0x00000000000054ed     0x1769 ./Drivers/STM32F0xx_HAL_Driver/Src/stm32f0xx_hal_spi.o

.debug_abbrev   0x0000000000000000     0x18d5
 .debug_abbrev  0x0000000000000000      0x1dc ./Core/Src/Ts.o
 .debug_abbrev  0x00000000000001dc      0x3eb ./Core/Src/main.o
 .debug_abbrev  0x00000000000005c7      0x1ef ./Core/Src/stm32f0xx_hal_msp.o
 .debug_abbrev  0x00000000000007b6      0x170 ./Core/Src/stm32f0xx_it.o
 .debug_abbrev  0x0000000000000926      0x116 ./Core/Src/system_stm32f0xx.o
 .debug_abbrev  0x0000000000000a3c       0x12 ./Core/Startup/startup_stm32f030r8tx.o
 .debug_abbrev  0x0000000000000a4e      0x23f ./Drivers/STM32F0xx_HAL_Driver/Src/stm32f0xx_hal.o
 .debug_abbrev  0x0000000000000c8d      0x283 ./Drivers/STM32F0xx_HAL_Driver/Src/stm32f0xx_hal_cortex.o
 .debug_abbrev  0x0000000000000f10      0x1e9 ./Drivers/STM32F0xx_HAL_Driver/Src/stm32f0xx_hal_dma.o
 .debug_abbrev  0x00000000000010f9      0x1bb ./Drivers/STM32F0xx_HAL_Driver/Src/stm32f0xx_hal_gpio.o
 .debug_abbrev  0x00000000000012b4      0x14a ./Drivers/STM32F0xx_HAL_Driver/Src/stm32f0xx_hal_iwdg.o
 .debug_abbrev  0x00000000000013fe      0x283 ./Drivers/STM32F0xx_HAL_Driver/Src/stm32f0xx_hal_rcc.o
 .debug_abbrev  0x0000000000001681      0x254 ./Drivers/STM32F0xx_HAL_Driver/Src/stm32f0xx_hal_spi.o

.debug_aranges  0x0000000000000000      0x6f0
 .debug_aranges
                0x0000000000000000       0x78 ./Core/Src/Ts.o
 .debug_aranges
                0x0000000000000078       0xa8 ./Core/Src/main.o
 .debug_aranges
                0x0000000000000120       0x30 ./Core/Src/stm32f0xx_hal_msp.o
 .debug_aranges
                0x0000000000000150       0x60 ./Core/Src/stm32f0xx_it.o
 .debug_aranges
                0x00000000000001b0       0x28 ./Core/Src/system_stm32f0xx.o
 .debug_aranges
                0x00000000000001d8       0x28 ./Core/Startup/startup_stm32f030r8tx.o
 .debug_aranges
                0x0000000000000200       0xd0 ./Drivers/STM32F0xx_HAL_Driver/Src/stm32f0xx_hal.o
 .debug_aranges
                0x00000000000002d0       0xc0 ./Drivers/STM32F0xx_HAL_Driver/Src/stm32f0xx_hal_cortex.o
 .debug_aranges
                0x0000000000000390       0x88 ./Drivers/STM32F0xx_HAL_Driver/Src/stm32f0xx_hal_dma.o
 .debug_aranges
                0x0000000000000418       0x58 ./Drivers/STM32F0xx_HAL_Driver/Src/stm32f0xx_hal_gpio.o
 .debug_aranges
                0x0000000000000470       0x28 ./Drivers/STM32F0xx_HAL_Driver/Src/stm32f0xx_hal_iwdg.o
 .debug_aranges
                0x0000000000000498       0x80 ./Drivers/STM32F0xx_HAL_Driver/Src/stm32f0xx_hal_rcc.o
 .debug_aranges
                0x0000000000000518      0x1d8 ./Drivers/STM32F0xx_HAL_Driver/Src/stm32f0xx_hal_spi.o

.debug_ranges   0x0000000000000000      0x628
 .debug_ranges  0x0000000000000000       0x68 ./Core/Src/Ts.o
 .debug_ranges  0x0000000000000068       0x98 ./Core/Src/main.o
 .debug_ranges  0x0000000000000100       0x20 ./Core/Src/stm32f0xx_hal_msp.o
 .debug_ranges  0x0000000000000120       0x50 ./Core/Src/stm32f0xx_it.o
 .debug_ranges  0x0000000000000170       0x18 ./Core/Src/system_stm32f0xx.o
 .debug_ranges  0x0000000000000188       0x20 ./Core/Startup/startup_stm32f030r8tx.o
 .debug_ranges  0x00000000000001a8       0xc0 ./Drivers/STM32F0xx_HAL_Driver/Src/stm32f0xx_hal.o
 .debug_ranges  0x0000000000000268       0xb0 ./Drivers/STM32F0xx_HAL_Driver/Src/stm32f0xx_hal_cortex.o
 .debug_ranges  0x0000000000000318       0x78 ./Drivers/STM32F0xx_HAL_Driver/Src/stm32f0xx_hal_dma.o
 .debug_ranges  0x0000000000000390       0x48 ./Drivers/STM32F0xx_HAL_Driver/Src/stm32f0xx_hal_gpio.o
 .debug_ranges  0x00000000000003d8       0x18 ./Drivers/STM32F0xx_HAL_Driver/Src/stm32f0xx_hal_iwdg.o
 .debug_ranges  0x00000000000003f0       0x70 ./Drivers/STM32F0xx_HAL_Driver/Src/stm32f0xx_hal_rcc.o
 .debug_ranges  0x0000000000000460      0x1c8 ./Drivers/STM32F0xx_HAL_Driver/Src/stm32f0xx_hal_spi.o

.debug_macro    0x0000000000000000     0xfc70
 .debug_macro   0x0000000000000000      0x1d6 ./Core/Src/Ts.o
 .debug_macro   0x00000000000001d6      0xb26 ./Core/Src/Ts.o
 .debug_macro   0x0000000000000cfc      0x133 ./Core/Src/Ts.o
 .debug_macro   0x0000000000000e2f       0x2e ./Core/Src/Ts.o
 .debug_macro   0x0000000000000e5d       0x22 ./Core/Src/Ts.o
 .debug_macro   0x0000000000000e7f       0x1c ./Core/Src/Ts.o
 .debug_macro   0x0000000000000e9b       0x22 ./Core/Src/Ts.o
 .debug_macro   0x0000000000000ebd       0x8e ./Core/Src/Ts.o
 .debug_macro   0x0000000000000f4b       0x51 ./Core/Src/Ts.o
 .debug_macro   0x0000000000000f9c      0x103 ./Core/Src/Ts.o
 .debug_macro   0x000000000000109f       0x6a ./Core/Src/Ts.o
 .debug_macro   0x0000000000001109      0x1df ./Core/Src/Ts.o
 .debug_macro   0x00000000000012e8       0x1c ./Core/Src/Ts.o
 .debug_macro   0x0000000000001304       0x22 ./Core/Src/Ts.o
 .debug_macro   0x0000000000001326       0xaf ./Core/Src/Ts.o
 .debug_macro   0x00000000000013d5      0x391 ./Core/Src/Ts.o
 .debug_macro   0x0000000000001766     0x6f47 ./Core/Src/Ts.o
 .debug_macro   0x00000000000086ad       0x66 ./Core/Src/Ts.o
 .debug_macro   0x0000000000008713     0x34be ./Core/Src/Ts.o
 .debug_macro   0x000000000000bbd1      0x17b ./Core/Src/Ts.o
 .debug_macro   0x000000000000bd4c       0x55 ./Core/Src/Ts.o
 .debug_macro   0x000000000000bda1      0x924 ./Core/Src/Ts.o
 .debug_macro   0x000000000000c6c5      0x17f ./Core/Src/Ts.o
 .debug_macro   0x000000000000c844      0x1ae ./Core/Src/Ts.o
 .debug_macro   0x000000000000c9f2       0xd8 ./Core/Src/Ts.o
 .debug_macro   0x000000000000caca      0x1a0 ./Core/Src/Ts.o
 .debug_macro   0x000000000000cc6a      0x1ed ./Core/Src/Ts.o
 .debug_macro   0x000000000000ce57       0x34 ./Core/Src/Ts.o
 .debug_macro   0x000000000000ce8b       0x43 ./Core/Src/Ts.o
 .debug_macro   0x000000000000cece       0x28 ./Core/Src/Ts.o
 .debug_macro   0x000000000000cef6       0xb0 ./Core/Src/Ts.o
 .debug_macro   0x000000000000cfa6      0x199 ./Core/Src/Ts.o
 .debug_macro   0x000000000000d13f      0x22c ./Core/Src/Ts.o
 .debug_macro   0x000000000000d36b       0x61 ./Core/Src/Ts.o
 .debug_macro   0x000000000000d3cc       0xa5 ./Core/Src/Ts.o
 .debug_macro   0x000000000000d471       0x85 ./Core/Src/Ts.o
 .debug_macro   0x000000000000d4f6       0x4c ./Core/Src/Ts.o
 .debug_macro   0x000000000000d542       0x2b ./Core/Src/Ts.o
 .debug_macro   0x000000000000d56d      0x2fe ./Core/Src/Ts.o
 .debug_macro   0x000000000000d86b       0xff ./Core/Src/Ts.o
 .debug_macro   0x000000000000d96a       0x1c ./Core/Src/Ts.o
 .debug_macro   0x000000000000d986      0x1ec ./Core/Src/main.o
 .debug_macro   0x000000000000db72      0x1c7 ./Core/Src/stm32f0xx_hal_msp.o
 .debug_macro   0x000000000000dd39      0xa4e ./Core/Src/stm32f0xx_hal_msp.o
 .debug_macro   0x000000000000e787      0x391 ./Core/Src/stm32f0xx_hal_msp.o
 .debug_macro   0x000000000000eb18      0x174 ./Core/Src/stm32f0xx_hal_msp.o
 .debug_macro   0x000000000000ec8c      0x1d1 ./Core/Src/stm32f0xx_it.o
 .debug_macro   0x000000000000ee5d      0x1b8 ./Core/Src/system_stm32f0xx.o
 .debug_macro   0x000000000000f015      0x1dc ./Drivers/STM32F0xx_HAL_Driver/Src/stm32f0xx_hal.o
 .debug_macro   0x000000000000f1f1      0x1b8 ./Drivers/STM32F0xx_HAL_Driver/Src/stm32f0xx_hal_cortex.o
 .debug_macro   0x000000000000f3a9      0x1b8 ./Drivers/STM32F0xx_HAL_Driver/Src/stm32f0xx_hal_dma.o
 .debug_macro   0x000000000000f561      0x1bf ./Drivers/STM32F0xx_HAL_Driver/Src/stm32f0xx_hal_gpio.o
 .debug_macro   0x000000000000f720      0x1c6 ./Drivers/STM32F0xx_HAL_Driver/Src/stm32f0xx_hal_iwdg.o
 .debug_macro   0x000000000000f8e6      0x1ca ./Drivers/STM32F0xx_HAL_Driver/Src/stm32f0xx_hal_rcc.o
 .debug_macro   0x000000000000fab0      0x1c0 ./Drivers/STM32F0xx_HAL_Driver/Src/stm32f0xx_hal_spi.o

.debug_line     0x0000000000000000     0x8cf6
 .debug_line    0x0000000000000000      0xc24 ./Core/Src/Ts.o
 .debug_line    0x0000000000000c24      0xc47 ./Core/Src/main.o
 .debug_line    0x000000000000186b      0x7d7 ./Core/Src/stm32f0xx_hal_msp.o
 .debug_line    0x0000000000002042      0x785 ./Core/Src/stm32f0xx_it.o
 .debug_line    0x00000000000027c7      0x754 ./Core/Src/system_stm32f0xx.o
 .debug_line    0x0000000000002f1b       0x8a ./Core/Startup/startup_stm32f030r8tx.o
 .debug_line    0x0000000000002fa5      0x93f ./Drivers/STM32F0xx_HAL_Driver/Src/stm32f0xx_hal.o
 .debug_line    0x00000000000038e4      0x9eb ./Drivers/STM32F0xx_HAL_Driver/Src/stm32f0xx_hal_cortex.o
 .debug_line    0x00000000000042cf      0xc63 ./Drivers/STM32F0xx_HAL_Driver/Src/stm32f0xx_hal_dma.o
 .debug_line    0x0000000000004f32      0xaba ./Drivers/STM32F0xx_HAL_Driver/Src/stm32f0xx_hal_gpio.o
 .debug_line    0x00000000000059ec      0x750 ./Drivers/STM32F0xx_HAL_Driver/Src/stm32f0xx_hal_iwdg.o
 .debug_line    0x000000000000613c      0xd27 ./Drivers/STM32F0xx_HAL_Driver/Src/stm32f0xx_hal_rcc.o
 .debug_line    0x0000000000006e63     0x1e93 ./Drivers/STM32F0xx_HAL_Driver/Src/stm32f0xx_hal_spi.o

.debug_str      0x0000000000000000    0x57fa2
 .debug_str     0x0000000000000000    0x560fc ./Core/Src/Ts.o
                                      0x56371 (size before relaxing)
 .debug_str     0x00000000000560fc      0xb07 ./Core/Src/main.o
                                      0x570a3 (size before relaxing)
 .debug_str     0x0000000000056c03      0x27d ./Core/Src/stm32f0xx_hal_msp.o
                                      0x5643c (size before relaxing)
 .debug_str     0x0000000000056e80       0xc8 ./Core/Src/stm32f0xx_it.o
                                      0x561e7 (size before relaxing)
 .debug_str     0x0000000000056f48       0x8b ./Core/Src/system_stm32f0xx.o
                                      0x55d49 (size before relaxing)
 .debug_str     0x0000000000056fd3       0x36 ./Core/Startup/startup_stm32f030r8tx.o
                                         0x75 (size before relaxing)
 .debug_str     0x0000000000057009      0x316 ./Drivers/STM32F0xx_HAL_Driver/Src/stm32f0xx_hal.o
                                      0x562dd (size before relaxing)
 .debug_str     0x000000000005731f      0x1a2 ./Drivers/STM32F0xx_HAL_Driver/Src/stm32f0xx_hal_cortex.o
                                      0x560ce (size before relaxing)
 .debug_str     0x00000000000574c1      0x223 ./Drivers/STM32F0xx_HAL_Driver/Src/stm32f0xx_hal_dma.o
                                      0x560ef (size before relaxing)
 .debug_str     0x00000000000576e4      0x113 ./Drivers/STM32F0xx_HAL_Driver/Src/stm32f0xx_hal_gpio.o
                                      0x55eea (size before relaxing)
 .debug_str     0x00000000000577f7       0xe2 ./Drivers/STM32F0xx_HAL_Driver/Src/stm32f0xx_hal_iwdg.o
                                      0x55e0a (size before relaxing)
 .debug_str     0x00000000000578d9      0x20f ./Drivers/STM32F0xx_HAL_Driver/Src/stm32f0xx_hal_rcc.o
                                      0x56185 (size before relaxing)
 .debug_str     0x0000000000057ae8      0x4ba ./Drivers/STM32F0xx_HAL_Driver/Src/stm32f0xx_hal_spi.o
                                      0x566b3 (size before relaxing)

.comment        0x0000000000000000       0x50
 .comment       0x0000000000000000       0x50 ./Core/Src/Ts.o
                                         0x51 (size before relaxing)
 .comment       0x0000000000000050       0x51 ./Core/Src/main.o
 .comment       0x0000000000000050       0x51 ./Core/Src/stm32f0xx_hal_msp.o
 .comment       0x0000000000000050       0x51 ./Core/Src/stm32f0xx_it.o
 .comment       0x0000000000000050       0x51 ./Core/Src/system_stm32f0xx.o
 .comment       0x0000000000000050       0x51 ./Drivers/STM32F0xx_HAL_Driver/Src/stm32f0xx_hal.o
 .comment       0x0000000000000050       0x51 ./Drivers/STM32F0xx_HAL_Driver/Src/stm32f0xx_hal_cortex.o
 .comment       0x0000000000000050       0x51 ./Drivers/STM32F0xx_HAL_Driver/Src/stm32f0xx_hal_dma.o
 .comment       0x0000000000000050       0x51 ./Drivers/STM32F0xx_HAL_Driver/Src/stm32f0xx_hal_gpio.o
 .comment       0x0000000000000050       0x51 ./Drivers/STM32F0xx_HAL_Driver/Src/stm32f0xx_hal_iwdg.o
 .comment       0x0000000000000050       0x51 ./Drivers/STM32F0xx_HAL_Driver/Src/stm32f0xx_hal_rcc.o
 .comment       0x0000000000000050       0x51 ./Drivers/STM32F0xx_HAL_Driver/Src/stm32f0xx_hal_spi.o

.debug_frame    0x0000000000000000     0x1720
 .debug_frame   0x0000000000000000      0x194 ./Core/Src/Ts.o
 .debug_frame   0x0000000000000194      0x23c ./Core/Src/main.o
 .debug_frame   0x00000000000003d0       0x70 ./Core/Src/stm32f0xx_hal_msp.o
 .debug_frame   0x0000000000000440      0x10c ./Core/Src/stm32f0xx_it.o
 .debug_frame   0x000000000000054c       0x4c ./Core/Src/system_stm32f0xx.o
 .debug_frame   0x0000000000000598      0x2a4 ./Drivers/STM32F0xx_HAL_Driver/Src/stm32f0xx_hal.o
 .debug_frame   0x000000000000083c      0x2a0 ./Drivers/STM32F0xx_HAL_Driver/Src/stm32f0xx_hal_cortex.o
 .debug_frame   0x0000000000000adc      0x1d0 ./Drivers/STM32F0xx_HAL_Driver/Src/stm32f0xx_hal_dma.o
 .debug_frame   0x0000000000000cac      0x110 ./Drivers/STM32F0xx_HAL_Driver/Src/stm32f0xx_hal_gpio.o
 .debug_frame   0x0000000000000dbc       0x50 ./Drivers/STM32F0xx_HAL_Driver/Src/stm32f0xx_hal_iwdg.o
 .debug_frame   0x0000000000000e0c      0x198 ./Drivers/STM32F0xx_HAL_Driver/Src/stm32f0xx_hal_rcc.o
 .debug_frame   0x0000000000000fa4      0x710 ./Drivers/STM32F0xx_HAL_Driver/Src/stm32f0xx_hal_spi.o
 .debug_frame   0x00000000000016b4       0x2c c:/st/stm32cubeide_1.10.1/stm32cubeide/plugins/com.st.stm32cube.ide.mcu.externaltools.gnu-tools-for-stm32.10.3-2021.10.win32_1.0.200.202301161003/tools/bin/../lib/gcc/arm-none-eabi/10.3.1/../../../../arm-none-eabi/lib/thumb/v6-m/nofp\libc_nano.a(lib_a-init.o)
 .debug_frame   0x00000000000016e0       0x20 c:/st/stm32cubeide_1.10.1/stm32cubeide/plugins/com.st.stm32cube.ide.mcu.externaltools.gnu-tools-for-stm32.10.3-2021.10.win32_1.0.200.202301161003/tools/bin/../lib/gcc/arm-none-eabi/10.3.1/../../../../arm-none-eabi/lib/thumb/v6-m/nofp\libc_nano.a(lib_a-memset.o)
 .debug_frame   0x0000000000001700       0x20 c:/st/stm32cubeide_1.10.1/stm32cubeide/plugins/com.st.stm32cube.ide.mcu.externaltools.gnu-tools-for-stm32.10.3-2021.10.win32_1.0.200.202301161003/tools/bin/../lib/gcc/arm-none-eabi/10.3.1/thumb/v6-m/nofp\libgcc.a(_udivsi3.o)
