Archive member included to satisfy reference by file (symbol)

c:/st/stm32cubeide_1.10.1/stm32cubeide/plugins/com.st.stm32cube.ide.mcu.externaltools.gnu-tools-for-stm32.10.3-2021.10.win32_1.0.200.202301161003/tools/bin/../lib/gcc/arm-none-eabi/10.3.1/../../../../arm-none-eabi/lib/thumb/v6-m/nofp\libc_nano.a(lib_a-errno.o)
                              ./Core/Src/syscalls.o (__errno)
c:/st/stm32cubeide_1.10.1/stm32cubeide/plugins/com.st.stm32cube.ide.mcu.externaltools.gnu-tools-for-stm32.10.3-2021.10.win32_1.0.200.202301161003/tools/bin/../lib/gcc/arm-none-eabi/10.3.1/../../../../arm-none-eabi/lib/thumb/v6-m/nofp\libc_nano.a(lib_a-exit.o)
                              c:/st/stm32cubeide_1.10.1/stm32cubeide/plugins/com.st.stm32cube.ide.mcu.externaltools.gnu-tools-for-stm32.10.3-2021.10.win32_1.0.200.202301161003/tools/bin/../lib/gcc/arm-none-eabi/10.3.1/../../../../arm-none-eabi/lib/thumb/v6-m/nofp/crt0.o (exit)
c:/st/stm32cubeide_1.10.1/stm32cubeide/plugins/com.st.stm32cube.ide.mcu.externaltools.gnu-tools-for-stm32.10.3-2021.10.win32_1.0.200.202301161003/tools/bin/../lib/gcc/arm-none-eabi/10.3.1/../../../../arm-none-eabi/lib/thumb/v6-m/nofp\libc_nano.a(lib_a-impure.o)
                              c:/st/stm32cubeide_1.10.1/stm32cubeide/plugins/com.st.stm32cube.ide.mcu.externaltools.gnu-tools-for-stm32.10.3-2021.10.win32_1.0.200.202301161003/tools/bin/../lib/gcc/arm-none-eabi/10.3.1/../../../../arm-none-eabi/lib/thumb/v6-m/nofp\libc_nano.a(lib_a-exit.o) (_global_impure_ptr)
c:/st/stm32cubeide_1.10.1/stm32cubeide/plugins/com.st.stm32cube.ide.mcu.externaltools.gnu-tools-for-stm32.10.3-2021.10.win32_1.0.200.202301161003/tools/bin/../lib/gcc/arm-none-eabi/10.3.1/../../../../arm-none-eabi/lib/thumb/v6-m/nofp\libc_nano.a(lib_a-init.o)
                              c:/st/stm32cubeide_1.10.1/stm32cubeide/plugins/com.st.stm32cube.ide.mcu.externaltools.gnu-tools-for-stm32.10.3-2021.10.win32_1.0.200.202301161003/tools/bin/../lib/gcc/arm-none-eabi/10.3.1/../../../../arm-none-eabi/lib/thumb/v6-m/nofp/crt0.o (__libc_init_array)
c:/st/stm32cubeide_1.10.1/stm32cubeide/plugins/com.st.stm32cube.ide.mcu.externaltools.gnu-tools-for-stm32.10.3-2021.10.win32_1.0.200.202301161003/tools/bin/../lib/gcc/arm-none-eabi/10.3.1/../../../../arm-none-eabi/lib/thumb/v6-m/nofp\libc_nano.a(lib_a-memset.o)
                              c:/st/stm32cubeide_1.10.1/stm32cubeide/plugins/com.st.stm32cube.ide.mcu.externaltools.gnu-tools-for-stm32.10.3-2021.10.win32_1.0.200.202301161003/tools/bin/../lib/gcc/arm-none-eabi/10.3.1/../../../../arm-none-eabi/lib/thumb/v6-m/nofp/crt0.o (memset)
c:/st/stm32cubeide_1.10.1/stm32cubeide/plugins/com.st.stm32cube.ide.mcu.externaltools.gnu-tools-for-stm32.10.3-2021.10.win32_1.0.200.202301161003/tools/bin/../lib/gcc/arm-none-eabi/10.3.1/thumb/v6-m/nofp\libgcc.a(_udivsi3.o)
                              ./Core/Src/system_stm32f0xx.o (__aeabi_uidiv)
c:/st/stm32cubeide_1.10.1/stm32cubeide/plugins/com.st.stm32cube.ide.mcu.externaltools.gnu-tools-for-stm32.10.3-2021.10.win32_1.0.200.202301161003/tools/bin/../lib/gcc/arm-none-eabi/10.3.1/thumb/v6-m/nofp\libgcc.a(_dvmd_tls.o)
                              c:/st/stm32cubeide_1.10.1/stm32cubeide/plugins/com.st.stm32cube.ide.mcu.externaltools.gnu-tools-for-stm32.10.3-2021.10.win32_1.0.200.202301161003/tools/bin/../lib/gcc/arm-none-eabi/10.3.1/thumb/v6-m/nofp\libgcc.a(_udivsi3.o) (__aeabi_idiv0)

Discarded input sections

 .text          0x0000000000000000        0x0 c:/st/stm32cubeide_1.10.1/stm32cubeide/plugins/com.st.stm32cube.ide.mcu.externaltools.gnu-tools-for-stm32.10.3-2021.10.win32_1.0.200.202301161003/tools/bin/../lib/gcc/arm-none-eabi/10.3.1/thumb/v6-m/nofp/crti.o
 .data          0x0000000000000000        0x0 c:/st/stm32cubeide_1.10.1/stm32cubeide/plugins/com.st.stm32cube.ide.mcu.externaltools.gnu-tools-for-stm32.10.3-2021.10.win32_1.0.200.202301161003/tools/bin/../lib/gcc/arm-none-eabi/10.3.1/thumb/v6-m/nofp/crti.o
 .bss           0x0000000000000000        0x0 c:/st/stm32cubeide_1.10.1/stm32cubeide/plugins/com.st.stm32cube.ide.mcu.externaltools.gnu-tools-for-stm32.10.3-2021.10.win32_1.0.200.202301161003/tools/bin/../lib/gcc/arm-none-eabi/10.3.1/thumb/v6-m/nofp/crti.o
 .data          0x0000000000000000        0x4 c:/st/stm32cubeide_1.10.1/stm32cubeide/plugins/com.st.stm32cube.ide.mcu.externaltools.gnu-tools-for-stm32.10.3-2021.10.win32_1.0.200.202301161003/tools/bin/../lib/gcc/arm-none-eabi/10.3.1/thumb/v6-m/nofp/crtbegin.o
 .rodata        0x0000000000000000       0x24 c:/st/stm32cubeide_1.10.1/stm32cubeide/plugins/com.st.stm32cube.ide.mcu.externaltools.gnu-tools-for-stm32.10.3-2021.10.win32_1.0.200.202301161003/tools/bin/../lib/gcc/arm-none-eabi/10.3.1/thumb/v6-m/nofp/crtbegin.o
 .text          0x0000000000000000       0x80 c:/st/stm32cubeide_1.10.1/stm32cubeide/plugins/com.st.stm32cube.ide.mcu.externaltools.gnu-tools-for-stm32.10.3-2021.10.win32_1.0.200.202301161003/tools/bin/../lib/gcc/arm-none-eabi/10.3.1/../../../../arm-none-eabi/lib/thumb/v6-m/nofp/crt0.o
[...]
Memory Configuration

Name             Origin             Length             Attributes
RAM              0x0000000020000000 0x0000000000002000 xrw
FLASH            0x0000000008000000 0x0000000000010000 xr
*default*        0x0000000000000000 0xffffffffffffffff

Linker script and memory map

LOAD c:/st/stm32cubeide_1.10.1/stm32cubeide/plugins/com.st.stm32cube.ide.mcu.externaltools.gnu-tools-for-stm32.10.3-2021.10.win32_1.0.200.202301161003/tools/bin/../lib/gcc/arm-none-eabi/10.3.1/thumb/v6-m/nofp/crti.o
LOAD c:/st/stm32cubeide_1.10.1/stm32cubeide/plugins/com.st.stm32cube.ide.mcu.externaltools.gnu-tools-for-stm32.10.3-2021.10.win32_1.0.200.202301161003/tools/bin/../lib/gcc/arm-none-eabi/10.3.1/thumb/v6-m/nofp/crtbegin.o
LOAD c:/st/stm32cubeide_1.10.1/stm32cubeide/plugins/com.st.stm32cube.ide.mcu.externaltools.gnu-tools-for-stm32.10.3-2021.10.win32_1.0.200.202301161003/tools/bin/../lib/gcc/arm-none-eabi/10.3.1/../../../../arm-none-eabi/lib/thumb/v6-m/nofp/crt0.o
LOAD ./Core/Src/Ts.o
LOAD ./Core/Src/main.o
LOAD ./Core/Src/stm32f0xx_hal_msp.o
LOAD ./Core/Src/stm32f0xx_it.o
LOAD ./Core/Src/syscalls.o
LOAD ./Core/Src/sysmem.o
LOAD ./Core/Src/system_stm32f0xx.o
LOAD ./Core/Src/timer.o
LOAD ./Core/Startup/startup_stm32f030r8tx.o
LOAD ./Drivers/STM32F0xx_HAL_Driver/Src/stm32f0xx_hal.o
LOAD ./Drivers/STM32F0xx_HAL_Driver/Src/stm32f0xx_hal_cortex.o
LOAD ./Drivers/STM32F0xx_HAL_Driver/Src/stm32f0xx_hal_dma.o
LOAD ./Drivers/STM32F0xx_HAL_Driver/Src/stm32f0xx_hal_exti.o
LOAD ./Drivers/STM32F0xx_HAL_Driver/Src/stm32f0xx_hal_flash.o
LOAD ./Drivers/STM32F0xx_HAL_Driver/Src/stm32f0xx_hal_flash_ex.o
LOAD ./Drivers/STM32F0xx_HAL_Driver/Src/stm32f0xx_hal_gpio.o
LOAD ./Drivers/STM32F0xx_HAL_Driver/Src/stm32f0xx_hal_i2c.o
LOAD ./Drivers/STM32F0xx_HAL_Driver/Src/stm32f0xx_hal_i2c_ex.o
LOAD ./Drivers/STM32F0xx_HAL_Driver/Src/stm32f0xx_hal_iwdg.o
LOAD ./Drivers/STM32F0xx_HAL_Driver/Src/stm32f0xx_hal_pwr.o
LOAD ./Drivers/STM32F0xx_HAL_Driver/Src/stm32f0xx_hal_pwr_ex.o
LOAD ./Drivers/STM32F0xx_HAL_Driver/Src/stm32f0xx_hal_rcc.o
LOAD ./Drivers/STM32F0xx_HAL_Driver/Src/stm32f0xx_hal_rcc_ex.o
LOAD ./Drivers/STM32F0xx_HAL_Driver/Src/stm32f0xx_hal_spi.o
LOAD ./Drivers/STM32F0xx_HAL_Driver/Src/stm32f0xx_hal_spi_ex.o
LOAD ./Drivers/STM32F0xx_HAL_Driver/Src/stm32f0xx_hal_tim.o
LOAD ./Drivers/STM32F0xx_HAL_Driver/Src/stm32f0xx_hal_tim_ex.o
START GROUP
LOAD c:/st/stm32cubeide_1.10.1/stm32cubeide/plugins/com.st.stm32cube.ide.mcu.externaltools.gnu-tools-for-stm32.10.3-2021.10.win32_1.0.200.202301161003/tools/bin/../lib/gcc/arm-none-eabi/10.3.1/../../../../arm-none-eabi/lib/thumb/v6-m/nofp\libstdc++_nano.a
LOAD c:/st/stm32cubeide_1.10.1/stm32cubeide/plugins/com.st.stm32cube.ide.mcu.externaltools.gnu-tools-for-stm32.10.3-2021.10.win32_1.0.200.202301161003/tools/bin/../lib/gcc/arm-none-eabi/10.3.1/../../../../arm-none-eabi/lib/thumb/v6-m/nofp\libsupc++_nano.a
END GROUP
LOAD c:/st/stm32cubeide_1.10.1/stm32cubeide/plugins/com.st.stm32cube.ide.mcu.externaltools.gnu-tools-for-stm32.10.3-2021.10.win32_1.0.200.202301161003/tools/bin/../lib/gcc/arm-none-eabi/10.3.1/../../../../arm-none-eabi/lib/thumb/v6-m/nofp\libstdc++_nano.a
LOAD c:/st/stm32cubeide_1.10.1/stm32cubeide/plugins/com.st.stm32cube.ide.mcu.externaltools.gnu-tools-for-stm32.10.3-2021.10.win32_1.0.200.202301161003/tools/bin/../lib/gcc/arm-none-eabi/10.3.1/../../../../arm-none-eabi/lib/thumb/v6-m/nofp\libm.a
LOAD c:/st/stm32cubeide_1.10.1/stm32cubeide/plugins/com.st.stm32cube.ide.mcu.externaltools.gnu-tools-for-stm32.10.3-2021.10.win32_1.0.200.202301161003/tools/bin/../lib/gcc/arm-none-eabi/10.3.1/../../../../arm-none-eabi/lib/thumb/v6-m/nofp\libc_nano.a
START GROUP
LOAD c:/st/stm32cubeide_1.10.1/stm32cubeide/plugins/com.st.stm32cube.ide.mcu.externaltools.gnu-tools-for-stm32.10.3-2021.10.win32_1.0.200.202301161003/tools/bin/../lib/gcc/arm-none-eabi/10.3.1/thumb/v6-m/nofp\libgcc.a
LOAD c:/st/stm32cubeide_1.10.1/stm32cubeide/plugins/com.st.stm32cube.ide.mcu.externaltools.gnu-tools-for-stm32.10.3-2021.10.win32_1.0.200.202301161003/tools/bin/../lib/gcc/arm-none-eabi/10.3.1/../../../../arm-none-eabi/lib/thumb/v6-m/nofp\libc_nano.a
END GROUP
START GROUP
LOAD c:/st/stm32cubeide_1.10.1/stm32cubeide/plugins/com.st.stm32cube.ide.mcu.externaltools.gnu-tools-for-stm32.10.3-2021.10.win32_1.0.200.202301161003/tools/bin/../lib/gcc/arm-none-eabi/10.3.1/thumb/v6-m/nofp\libgcc.a
LOAD c:/st/stm32cubeide_1.10.1/stm32cubeide/plugins/com.st.stm32cube.ide.mcu.externaltools.gnu-tools-for-stm32.10.3-2021.10.win32_1.0.200.202301161003/tools/bin/../lib/gcc/arm-none-eabi/10.3.1/../../../../arm-none-eabi/lib/thumb/v6-m/nofp\libc_nano.a
LOAD c:/st/stm32cubeide_1.10.1/stm32cubeide/plugins/com.st.stm32cube.ide.mcu.externaltools.gnu-tools-for-stm32.10.3-2021.10.win32_1.0.200.202301161003/tools/bin/../lib/gcc/arm-none-eabi/10.3.1/../../../../arm-none-eabi/lib/thumb/v6-m/nofp\libnosys.a
END GROUP
START GROUP
LOAD c:/st/stm32cubeide_1.10.1/stm32cubeide/plugins/com.st.stm32cube.ide.mcu.externaltools.gnu-tools-for-stm32.10.3-2021.10.win32_1.0.200.202301161003/tools/bin/../lib/gcc/arm-none-eabi/10.3.1/thumb/v6-m/nofp\libgcc.a
LOAD c:/st/stm32cubeide_1.10.1/stm32cubeide/plugins/com.st.stm32cube.ide.mcu.externaltools.gnu-tools-for-stm32.10.3-2021.10.win32_1.0.200.202301161003/tools/bin/../lib/gcc/arm-none-eabi/10.3.1/../../../../arm-none-eabi/lib/thumb/v6-m/nofp\libc_nano.a
LOAD c:/st/stm32cubeide_1.10.1/stm32cubeide/plugins/com.st.stm32cube.ide.mcu.externaltools.gnu-tools-for-stm32.10.3-2021.10.win32_1.0.200.202301161003/tools/bin/../lib/gcc/arm-none-eabi/10.3.1/../../../../arm-none-eabi/lib/thumb/v6-m/nofp\libnosys.a
END GROUP
LOAD c:/st/stm32cubeide_1.10.1/stm32cubeide/plugins/com.st.stm32cube.ide.mcu.externaltools.gnu-tools-for-stm32.10.3-2021.10.win32_1.0.200.202301161003/tools/bin/../lib/gcc/arm-none-eabi/10.3.1/thumb/v6-m/nofp/crtend.o
LOAD c:/st/stm32cubeide_1.10.1/stm32cubeide/plugins/com.st.stm32cube.ide.mcu.externaltools.gnu-tools-for-stm32.10.3-2021.10.win32_1.0.200.202301161003/tools/bin/../lib/gcc/arm-none-eabi/10.3.1/thumb/v6-m/nofp/crtn.o
                0x0000000020002000                _estack = (ORIGIN (RAM) + LENGTH (RAM))
                0x0000000000000200                _Min_Heap_Size = 0x200
                0x0000000000000400                _Min_Stack_Size = 0x400

.isr_vector     0x0000000008000000       0xc0
                0x0000000008000000                . = ALIGN (0x4)
 *(.isr_vector)
 .isr_vector    0x0000000008000000       0xc0 ./Core/Startup/startup_stm32f030r8tx.o
                0x0000000008000000                g_pfnVectors
                0x00000000080000c0                . = ALIGN (0x4)

.text           0x00000000080000c0     0x4424
                0x00000000080000c0                . = ALIGN (0x4)
 *(.text)
 .text          0x00000000080000c0       0x48 c:/st/stm32cubeide_1.10.1/stm32cubeide/plugins/com.st.stm32cube.ide.mcu.externaltools.gnu-tools-for-stm32.10.3-2021.10.win32_1.0.200.202301161003/tools/bin/../lib/gcc/arm-none-eabi/10.3.1/thumb/v6-m/nofp/crtbegin.o
 .text          0x0000000008000108      0x114 c:/st/stm32cubeide_1.10.1/stm32cubeide/plugins/com.st.stm32cube.ide.mcu.externaltools.gnu-tools-for-stm32.10.3-2021.10.win32_1.0.200.202301161003/tools/bin/../lib/gcc/arm-none-eabi/10.3.1/thumb/v6-m/nofp\libgcc.a(_udivsi3.o)
                0x0000000008000108                __aeabi_uidiv
                0x0000000008000108                __udivsi3
                0x0000000008000214                __aeabi_uidivmod
 .text          0x000000000800021c        0x4 c:/st/stm32cubeide_1.10.1/stm32cubeide/plugins/com.st.stm32cube.ide.mcu.externaltools.gnu-tools-for-stm32.10.3-2021.10.win32_1.0.200.202301161003/tools/bin/../lib/gcc/arm-none-eabi/10.3.1/thumb/v6-m/nofp\libgcc.a(_dvmd_tls.o)
                0x000000000800021c                __aeabi_idiv0
                0x000000000800021c                __aeabi_ldiv0
 *(.text*)
 .text._ZN2TsC2Ev
                0x0000000008000220       0x32 ./Core/Src/Ts.o
                0x0000000008000220                Ts::Ts()
                0x0000000008000220                Ts::Ts()
 .text._ZN2Ts3PinC2Ev
                0x0000000008000252       0x20 ./Core/Src/Ts.o
                0x0000000008000252                Ts::Pin::Pin()
                0x0000000008000252                Ts::Pin::Pin()
 .text._ZN2Ts3Pin6setValEP12GPIO_TypeDefh
                0x0000000008000272       0x24 ./Core/Src/Ts.o
                0x0000000008000272                Ts::Pin::setVal(GPIO_TypeDef*, unsigned char)
 .text._ZN2Ts3Pin7getPortEv
                0x0000000008000296       0x14 ./Core/Src/Ts.o
                0x0000000008000296                Ts::Pin::getPort()
 .text._ZN2Ts3Pin6getPinEv
                0x00000000080002aa       0x14 ./Core/Src/Ts.o
                0x00000000080002aa                Ts::Pin::getPin()
 .text._ZN2Ts5setSwEP12GPIO_TypeDefhS1_hS1_hS1_h
                0x00000000080002be       0x62 ./Core/Src/Ts.o
                0x00000000080002be                Ts::setSw(GPIO_TypeDef*, unsigned char, GPIO_TypeDef*, unsigned char, GPIO_TypeDef*, unsigned char, GPIO_TypeDef*, unsigned char)
 .text._ZN2Ts6setOutEP12GPIO_TypeDefh
                0x0000000008000320       0x28 ./Core/Src/Ts.o
                0x0000000008000320                Ts::setOut(GPIO_TypeDef*, unsigned char)
 .text._ZN2Ts9setPinNumEh
                0x0000000008000348       0x20 ./Core/Src/Ts.o
                0x0000000008000348                Ts::setPinNum(unsigned char)
 .text._ZN2Ts6selectEv
                0x0000000008000368      0x4a8 ./Core/Src/Ts.o
                0x0000000008000368                Ts::select()
 .text._ZN2Ts8unSelectEv
                0x0000000008000810      0x4a8 ./Core/Src/Ts.o
                0x0000000008000810                Ts::unSelect()
 .text._ZN2Ts4readEPhh
                0x0000000008000cb8       0x90 ./Core/Src/Ts.o
                0x0000000008000cb8                Ts::read(unsigned char*, unsigned char)
 .text.HAL_SPI_TxRxCpltCallback
                0x0000000008000d48       0x28 ./Core/Src/main.o
                0x0000000008000d48                HAL_SPI_TxRxCpltCallback
 .text.spiProcessing
                0x0000000008000d70      0x180 ./Core/Src/main.o
                0x0000000008000d70                spiProcessing
 .text.sendTu   0x0000000008000ef0      0x1c8 ./Core/Src/main.o
                0x0000000008000ef0                sendTu
 .text.HAL_SPI_TxCpltCallback
                0x00000000080010b8       0x28 ./Core/Src/main.o
                0x00000000080010b8                HAL_SPI_TxCpltCallback
 .text.HAL_SPI_ErrorCallback
                0x00000000080010e0       0xc4 ./Core/Src/main.o
                0x00000000080010e0                HAL_SPI_ErrorCallback
 .text._Z7timInitv
                0x00000000080011a4       0x20 ./Core/Src/main.o
                0x00000000080011a4                timInit()
 .text.tsInit   0x00000000080011c4      0x148 ./Core/Src/main.o
                0x00000000080011c4                tsInit
 .text.main     0x000000000800130c       0x32 ./Core/Src/main.o
                0x000000000800130c                main
 .text._Z18SystemClock_Configv
                0x000000000800133e       0xaa ./Core/Src/main.o
                0x000000000800133e                SystemClock_Config()
 .text._ZL12MX_IWDG_Initv
                0x00000000080013e8       0x4c ./Core/Src/main.o
 .text._ZL12MX_SPI1_Initv
                0x0000000008001434       0x84 ./Core/Src/main.o
 .text._ZL12MX_SPI2_Initv
                0x00000000080014b8       0x7c ./Core/Src/main.o
 .text._ZL11MX_DMA_Initv
                0x0000000008001534       0x4c ./Core/Src/main.o
 .text._ZL12MX_GPIO_Initv
                0x0000000008001580      0x188 ./Core/Src/main.o
 .text.Error_Handler
                0x0000000008001708        0xa ./Core/Src/main.o
                0x0000000008001708                Error_Handler
 *fill*         0x0000000008001712        0x2 
 .text._Z41__static_initialization_and_destruction_0ii
                0x0000000008001714       0x64 ./Core/Src/main.o
 .text._GLOBAL__sub_I_hiwdg
                0x0000000008001778       0x18 ./Core/Src/main.o
 .text._GLOBAL__sub_D_hiwdg
                0x0000000008001790       0x18 ./Core/Src/main.o
 .text.HAL_MspInit
                0x00000000080017a8       0x48 ./Core/Src/stm32f0xx_hal_msp.o
                0x00000000080017a8                HAL_MspInit
 .text.HAL_SPI_MspInit
                0x00000000080017f0      0x290 ./Core/Src/stm32f0xx_hal_msp.o
                0x00000000080017f0                HAL_SPI_MspInit
 .text.NMI_Handler
                0x0000000008001a80        0xa ./Core/Src/stm32f0xx_it.o
                0x0000000008001a80                NMI_Handler
 .text.HardFault_Handler
                0x0000000008001a8a        0x6 ./Core/Src/stm32f0xx_it.o
                0x0000000008001a8a                HardFault_Handler
 .text.SVC_Handler
                0x0000000008001a90        0xa ./Core/Src/stm32f0xx_it.o
                0x0000000008001a90                SVC_Handler
 .text.PendSV_Handler
                0x0000000008001a9a        0xa ./Core/Src/stm32f0xx_it.o
                0x0000000008001a9a                PendSV_Handler
 .text.SysTick_Handler
                0x0000000008001aa4        0xe ./Core/Src/stm32f0xx_it.o
                0x0000000008001aa4                SysTick_Handler
 *fill*         0x0000000008001ab2        0x2 
 .text.DMA1_Channel2_3_IRQHandler
                0x0000000008001ab4       0x24 ./Core/Src/stm32f0xx_it.o
                0x0000000008001ab4                DMA1_Channel2_3_IRQHandler
 .text.DMA1_Channel4_5_IRQHandler
                0x0000000008001ad8       0x24 ./Core/Src/stm32f0xx_it.o
                0x0000000008001ad8                DMA1_Channel4_5_IRQHandler
 .text.SPI1_IRQHandler
                0x0000000008001afc       0x18 ./Core/Src/stm32f0xx_it.o
                0x0000000008001afc                SPI1_IRQHandler
 .text.SPI2_IRQHandler
                0x0000000008001b14       0x18 ./Core/Src/stm32f0xx_it.o
                0x0000000008001b14                SPI2_IRQHandler
 .text.SystemInit
                0x0000000008001b2c       0x88 ./Core/Src/system_stm32f0xx.o
                0x0000000008001b2c                SystemInit
 .text._ZN6CTimerC2Embb
                0x0000000008001bb4       0x58 ./Core/Src/timer.o
                0x0000000008001bb4                CTimer::CTimer(unsigned long, bool, bool)
                0x0000000008001bb4                CTimer::CTimer(unsigned long, bool, bool)
 .text._ZN6CTimerD2Ev
                0x0000000008001c0c       0x20 ./Core/Src/timer.o
                0x0000000008001c0c                CTimer::~CTimer()
                0x0000000008001c0c                CTimer::~CTimer()
 .text._ZN6CTimer3RunEv
                0x0000000008001c2c       0x48 ./Core/Src/timer.o
                0x0000000008001c2c                CTimer::Run()
 .text._ZN6CTimer10SetDefaultEmb
                0x0000000008001c74       0x60 ./Core/Src/timer.o
                0x0000000008001c74                CTimer::SetDefault(unsigned long, bool)
 .text._ZN6CTimer5ResetEv
                0x0000000008001cd4       0x38 ./Core/Src/timer.o
                0x0000000008001cd4                CTimer::Reset()
 .text._ZN6CTimer3OffEv
                0x0000000008001d0c       0x24 ./Core/Src/timer.o
                0x0000000008001d0c                CTimer::Off()
 .text._ZN6CTimer8GetEventEv
                0x0000000008001d30       0x28 ./Core/Src/timer.o
                0x0000000008001d30                CTimer::GetEvent()
 .text.HAL_IncTick
                0x0000000008001d58       0x18 ./Core/Src/timer.o
                0x0000000008001d58                HAL_IncTick
 .text.Reset_Handler
                0x0000000008001d70       0x50 ./Core/Startup/startup_stm32f030r8tx.o
                0x0000000008001d70                Reset_Handler
 .text.Default_Handler
                0x0000000008001dc0        0x2 ./Core/Startup/startup_stm32f030r8tx.o
                0x0000000008001dc0                TIM1_CC_IRQHandler
                0x0000000008001dc0                TIM6_IRQHandler
                0x0000000008001dc0                I2C1_IRQHandler
                0x0000000008001dc0                EXTI2_3_IRQHandler
                0x0000000008001dc0                ADC1_IRQHandler
                0x0000000008001dc0                I2C2_IRQHandler
                0x0000000008001dc0                TIM17_IRQHandler
                0x0000000008001dc0                RTC_IRQHandler
                0x0000000008001dc0                TIM16_IRQHandler
                0x0000000008001dc0                TIM3_IRQHandler
                0x0000000008001dc0                EXTI4_15_IRQHandler
                0x0000000008001dc0                RCC_IRQHandler
                0x0000000008001dc0                DMA1_Channel1_IRQHandler
                0x0000000008001dc0                Default_Handler
                0x0000000008001dc0                TIM14_IRQHandler
                0x0000000008001dc0                TIM15_IRQHandler
                0x0000000008001dc0                EXTI0_1_IRQHandler
                0x0000000008001dc0                WWDG_IRQHandler
                0x0000000008001dc0                USART2_IRQHandler
                0x0000000008001dc0                FLASH_IRQHandler
                0x0000000008001dc0                USART1_IRQHandler
                0x0000000008001dc0                TIM1_BRK_UP_TRG_COM_IRQHandler
 *fill*         0x0000000008001dc2        0x2 
 .text.HAL_Init
                0x0000000008001dc4       0x28 ./Drivers/STM32F0xx_HAL_Driver/Src/stm32f0xx_hal.o
                0x0000000008001dc4                HAL_Init
 .text.HAL_InitTick
                0x0000000008001dec       0x68 ./Drivers/STM32F0xx_HAL_Driver/Src/stm32f0xx_hal.o
                0x0000000008001dec                HAL_InitTick
 .text.HAL_GetTick
                0x0000000008001e54       0x14 ./Drivers/STM32F0xx_HAL_Driver/Src/stm32f0xx_hal.o
                0x0000000008001e54                HAL_GetTick
 .text.__NVIC_EnableIRQ
                0x0000000008001e68       0x34 ./Drivers/STM32F0xx_HAL_Driver/Src/stm32f0xx_hal_cortex.o
 .text.__NVIC_SetPriority
                0x0000000008001e9c       0xdc ./Drivers/STM32F0xx_HAL_Driver/Src/stm32f0xx_hal_cortex.o
 .text.SysTick_Config
                0x0000000008001f78       0x48 ./Drivers/STM32F0xx_HAL_Driver/Src/stm32f0xx_hal_cortex.o
 .text.HAL_NVIC_SetPriority
                0x0000000008001fc0       0x2a ./Drivers/STM32F0xx_HAL_Driver/Src/stm32f0xx_hal_cortex.o
                0x0000000008001fc0                HAL_NVIC_SetPriority
 .text.HAL_NVIC_EnableIRQ
                0x0000000008001fea       0x20 ./Drivers/STM32F0xx_HAL_Driver/Src/stm32f0xx_hal_cortex.o
                0x0000000008001fea                HAL_NVIC_EnableIRQ
 .text.HAL_SYSTICK_Config
                0x000000000800200a       0x1a ./Drivers/STM32F0xx_HAL_Driver/Src/stm32f0xx_hal_cortex.o
                0x000000000800200a                HAL_SYSTICK_Config
 .text.HAL_DMA_Init
                0x0000000008002024       0x90 ./Drivers/STM32F0xx_HAL_Driver/Src/stm32f0xx_hal_dma.o
                0x0000000008002024                HAL_DMA_Init
 .text.HAL_DMA_Start_IT
                0x00000000080020b4       0xcc ./Drivers/STM32F0xx_HAL_Driver/Src/stm32f0xx_hal_dma.o
                0x00000000080020b4                HAL_DMA_Start_IT
 .text.HAL_DMA_Abort
                0x0000000008002180       0x70 ./Drivers/STM32F0xx_HAL_Driver/Src/stm32f0xx_hal_dma.o
                0x0000000008002180                HAL_DMA_Abort
 .text.HAL_DMA_Abort_IT
                0x00000000080021f0       0x8a ./Drivers/STM32F0xx_HAL_Driver/Src/stm32f0xx_hal_dma.o
                0x00000000080021f0                HAL_DMA_Abort_IT
 .text.HAL_DMA_IRQHandler
                0x000000000800227a      0x144 ./Drivers/STM32F0xx_HAL_Driver/Src/stm32f0xx_hal_dma.o
                0x000000000800227a                HAL_DMA_IRQHandler
 .text.DMA_SetConfig
                0x00000000080023be       0x58 ./Drivers/STM32F0xx_HAL_Driver/Src/stm32f0xx_hal_dma.o
 *fill*         0x0000000008002416        0x2 
 .text.DMA_CalcBaseAndBitshift
                0x0000000008002418       0x38 ./Drivers/STM32F0xx_HAL_Driver/Src/stm32f0xx_hal_dma.o
 .text.HAL_GPIO_Init
                0x0000000008002450      0x2e0 ./Drivers/STM32F0xx_HAL_Driver/Src/stm32f0xx_hal_gpio.o
                0x0000000008002450                HAL_GPIO_Init
 .text.HAL_GPIO_WritePin
                0x0000000008002730       0x3a ./Drivers/STM32F0xx_HAL_Driver/Src/stm32f0xx_hal_gpio.o
                0x0000000008002730                HAL_GPIO_WritePin
 *fill*         0x000000000800276a        0x2 
 .text.HAL_IWDG_Init
                0x000000000800276c       0xa4 ./Drivers/STM32F0xx_HAL_Driver/Src/stm32f0xx_hal_iwdg.o
                0x000000000800276c                HAL_IWDG_Init
 .text.HAL_IWDG_Refresh
                0x0000000008002810       0x20 ./Drivers/STM32F0xx_HAL_Driver/Src/stm32f0xx_hal_iwdg.o
                0x0000000008002810                HAL_IWDG_Refresh
 .text.HAL_RCC_OscConfig
                0x0000000008002830      0x634 ./Drivers/STM32F0xx_HAL_Driver/Src/stm32f0xx_hal_rcc.o
                0x0000000008002830                HAL_RCC_OscConfig
 .text.HAL_RCC_ClockConfig
                0x0000000008002e64      0x19c ./Drivers/STM32F0xx_HAL_Driver/Src/stm32f0xx_hal_rcc.o
                0x0000000008002e64                HAL_RCC_ClockConfig
 .text.HAL_RCC_GetSysClockFreq
                0x0000000008003000       0xac ./Drivers/STM32F0xx_HAL_Driver/Src/stm32f0xx_hal_rcc.o
                0x0000000008003000                HAL_RCC_GetSysClockFreq
 .text.HAL_SPI_Init
                0x00000000080030ac      0x170 ./Drivers/STM32F0xx_HAL_Driver/Src/stm32f0xx_hal_spi.o
                0x00000000080030ac                HAL_SPI_Init
 .text.HAL_SPI_Transmit_DMA
                0x000000000800321c      0x204 ./Drivers/STM32F0xx_HAL_Driver/Src/stm32f0xx_hal_spi.o
                0x000000000800321c                HAL_SPI_Transmit_DMA
 .text.HAL_SPI_TransmitReceive_DMA
                0x0000000008003420      0x378 ./Drivers/STM32F0xx_HAL_Driver/Src/stm32f0xx_hal_spi.o
                0x0000000008003420                HAL_SPI_TransmitReceive_DMA
 .text.HAL_SPI_Abort
                0x0000000008003798      0x244 ./Drivers/STM32F0xx_HAL_Driver/Src/stm32f0xx_hal_spi.o
                0x0000000008003798                HAL_SPI_Abort
 .text.HAL_SPI_IRQHandler
                0x00000000080039dc      0x1fc ./Drivers/STM32F0xx_HAL_Driver/Src/stm32f0xx_hal_spi.o
                0x00000000080039dc                HAL_SPI_IRQHandler
 .text.HAL_SPI_RxCpltCallback
                0x0000000008003bd8       0x10 ./Drivers/STM32F0xx_HAL_Driver/Src/stm32f0xx_hal_spi.o
                0x0000000008003bd8                HAL_SPI_RxCpltCallback
 .text.HAL_SPI_TxHalfCpltCallback
                0x0000000008003be8       0x10 ./Drivers/STM32F0xx_HAL_Driver/Src/stm32f0xx_hal_spi.o
                0x0000000008003be8                HAL_SPI_TxHalfCpltCallback
 .text.HAL_SPI_RxHalfCpltCallback
                0x0000000008003bf8       0x10 ./Drivers/STM32F0xx_HAL_Driver/Src/stm32f0xx_hal_spi.o
                0x0000000008003bf8                HAL_SPI_RxHalfCpltCallback
 .text.HAL_SPI_TxRxHalfCpltCallback
                0x0000000008003c08       0x10 ./Drivers/STM32F0xx_HAL_Driver/Src/stm32f0xx_hal_spi.o
                0x0000000008003c08                HAL_SPI_TxRxHalfCpltCallback
 .text.SPI_DMATransmitCplt
                0x0000000008003c18       0xac ./Drivers/STM32F0xx_HAL_Driver/Src/stm32f0xx_hal_spi.o
 .text.SPI_DMAReceiveCplt
                0x0000000008003cc4       0xb0 ./Drivers/STM32F0xx_HAL_Driver/Src/stm32f0xx_hal_spi.o
 .text.SPI_DMATransmitReceiveCplt
                0x0000000008003d74       0x96 ./Drivers/STM32F0xx_HAL_Driver/Src/stm32f0xx_hal_spi.o
 .text.SPI_DMAHalfTransmitCplt
                0x0000000008003e0a       0x1e ./Drivers/STM32F0xx_HAL_Driver/Src/stm32f0xx_hal_spi.o
 .text.SPI_DMAHalfReceiveCplt
                0x0000000008003e28       0x1e ./Drivers/STM32F0xx_HAL_Driver/Src/stm32f0xx_hal_spi.o
 .text.SPI_DMAHalfTransmitReceiveCplt
                0x0000000008003e46       0x1e ./Drivers/STM32F0xx_HAL_Driver/Src/stm32f0xx_hal_spi.o
 .text.SPI_DMAError
                0x0000000008003e64       0x42 ./Drivers/STM32F0xx_HAL_Driver/Src/stm32f0xx_hal_spi.o
 .text.SPI_DMAAbortOnError
                0x0000000008003ea6       0x2c ./Drivers/STM32F0xx_HAL_Driver/Src/stm32f0xx_hal_spi.o
 *fill*         0x0000000008003ed2        0x2 
 .text.SPI_WaitFlagStateUntilTimeout
                0x0000000008003ed4      0x11c ./Drivers/STM32F0xx_HAL_Driver/Src/stm32f0xx_hal_spi.o
 .text.SPI_WaitFifoStateUntilTimeout
                0x0000000008003ff0      0x144 ./Drivers/STM32F0xx_HAL_Driver/Src/stm32f0xx_hal_spi.o
 .text.SPI_EndRxTransaction
                0x0000000008004134       0xbc ./Drivers/STM32F0xx_HAL_Driver/Src/stm32f0xx_hal_spi.o
 .text.SPI_EndRxTxTransaction
                0x00000000080041f0       0x8c ./Drivers/STM32F0xx_HAL_Driver/Src/stm32f0xx_hal_spi.o
 .text.SPI_AbortRx_ISR
                0x000000000800427c       0xbc ./Drivers/STM32F0xx_HAL_Driver/Src/stm32f0xx_hal_spi.o
 .text.SPI_AbortTx_ISR
                0x0000000008004338      0x13c ./Drivers/STM32F0xx_HAL_Driver/Src/stm32f0xx_hal_spi.o
 .text.__libc_init_array
                0x0000000008004474       0x48 c:/st/stm32cubeide_1.10.1/stm32cubeide/plugins/com.st.stm32cube.ide.mcu.externaltools.gnu-tools-for-stm32.10.3-2021.10.win32_1.0.200.202301161003/tools/bin/../lib/gcc/arm-none-eabi/10.3.1/../../../../arm-none-eabi/lib/thumb/v6-m/nofp\libc_nano.a(lib_a-init.o)
                0x0000000008004474                __libc_init_array
 .text.memset   0x00000000080044bc       0x10 c:/st/stm32cubeide_1.10.1/stm32cubeide/plugins/com.st.stm32cube.ide.mcu.externaltools.gnu-tools-for-stm32.10.3-2021.10.win32_1.0.200.202301161003/tools/bin/../lib/gcc/arm-none-eabi/10.3.1/../../../../arm-none-eabi/lib/thumb/v6-m/nofp\libc_nano.a(lib_a-memset.o)
                0x00000000080044bc                memset
 *(.glue_7)
 .glue_7        0x00000000080044cc        0x0 linker stubs
 *(.glue_7t)
 .glue_7t       0x00000000080044cc        0x0 linker stubs
 *(.eh_frame)
 .eh_frame      0x00000000080044cc        0x0 c:/st/stm32cubeide_1.10.1/stm32cubeide/plugins/com.st.stm32cube.ide.mcu.externaltools.gnu-tools-for-stm32.10.3-2021.10.win32_1.0.200.202301161003/tools/bin/../lib/gcc/arm-none-eabi/10.3.1/thumb/v6-m/nofp/crtbegin.o
 *(.init)
 .init          0x00000000080044cc        0x4 c:/st/stm32cubeide_1.10.1/stm32cubeide/plugins/com.st.stm32cube.ide.mcu.externaltools.gnu-tools-for-stm32.10.3-2021.10.win32_1.0.200.202301161003/tools/bin/../lib/gcc/arm-none-eabi/10.3.1/thumb/v6-m/nofp/crti.o
                0x00000000080044cc                _init
 .init          0x00000000080044d0        0x8 c:/st/stm32cubeide_1.10.1/stm32cubeide/plugins/com.st.stm32cube.ide.mcu.externaltools.gnu-tools-for-stm32.10.3-2021.10.win32_1.0.200.202301161003/tools/bin/../lib/gcc/arm-none-eabi/10.3.1/thumb/v6-m/nofp/crtn.o
 *(.fini)
 .fini          0x00000000080044d8        0x4 c:/st/stm32cubeide_1.10.1/stm32cubeide/plugins/com.st.stm32cube.ide.mcu.externaltools.gnu-tools-for-stm32.10.3-2021.10.win32_1.0.200.202301161003/tools/bin/../lib/gcc/arm-none-eabi/10.3.1/thumb/v6-m/nofp/crti.o
                0x00000000080044d8                _fini
 .fini          0x00000000080044dc        0x8 c:/st/stm32cubeide_1.10.1/stm32cubeide/plugins/com.st.stm32cube.ide.mcu.externaltools.gnu-tools-for-stm32.10.3-2021.10.win32_1.0.200.202301161003/tools/bin/../lib/gcc/arm-none-eabi/10.3.1/thumb/v6-m/nofp/crtn.o
                0x00000000080044e4                . = ALIGN (0x4)
                0x00000000080044e4                _etext = .

.vfp11_veneer   0x00000000080044e4        0x0
 .vfp11_veneer  0x00000000080044e4        0x0 linker stubs

.v4_bx          0x00000000080044e4        0x0
 .v4_bx         0x00000000080044e4        0x0 linker stubs

.iplt           0x00000000080044e4        0x0
 .iplt          0x00000000080044e4        0x0 c:/st/stm32cubeide_1.10.1/stm32cubeide/plugins/com.st.stm32cube.ide.mcu.externaltools.gnu-tools-for-stm32.10.3-2021.10.win32_1.0.200.202301161003/tools/bin/../lib/gcc/arm-none-eabi/10.3.1/thumb/v6-m/nofp/crtbegin.o

.rodata         0x00000000080044e4       0xb0
                0x00000000080044e4                . = ALIGN (0x4)
 *(.rodata)
 *(.rodata*)
 .rodata._ZN2Ts6selectEv
                0x00000000080044e4       0x40 ./Core/Src/Ts.o
 .rodata._ZN2Ts8unSelectEv
                0x0000000008004524       0x40 ./Core/Src/Ts.o
 .rodata.AHBPrescTable
                0x0000000008004564       0x10 ./Core/Src/system_stm32f0xx.o
                0x0000000008004564                AHBPrescTable
 .rodata.aPLLMULFactorTable.1
                0x0000000008004574       0x10 ./Drivers/STM32F0xx_HAL_Driver/Src/stm32f0xx_hal_rcc.o
 .rodata.aPredivFactorTable.0
                0x0000000008004584       0x10 ./Drivers/STM32F0xx_HAL_Driver/Src/stm32f0xx_hal_rcc.o
                0x0000000008004594                . = ALIGN (0x4)

.rel.dyn        0x0000000008004594        0x0
 .rel.iplt      0x0000000008004594        0x0 c:/st/stm32cubeide_1.10.1/stm32cubeide/plugins/com.st.stm32cube.ide.mcu.externaltools.gnu-tools-for-stm32.10.3-2021.10.win32_1.0.200.202301161003/tools/bin/../lib/gcc/arm-none-eabi/10.3.1/thumb/v6-m/nofp/crtbegin.o

.ARM.extab      0x0000000008004594        0x0
                0x0000000008004594                . = ALIGN (0x4)
 *(.ARM.extab* .gnu.linkonce.armextab.*)
                0x0000000008004594                . = ALIGN (0x4)

.ARM            0x0000000008004594        0x0
                0x0000000008004594                . = ALIGN (0x4)
                0x0000000008004594                __exidx_start = .
 *(.ARM.exidx*)
                0x0000000008004594                __exidx_end = .
                0x0000000008004594                . = ALIGN (0x4)

.preinit_array  0x0000000008004594        0x0
                0x0000000008004594                . = ALIGN (0x4)
                0x0000000008004594                PROVIDE (__preinit_array_start = .)
 *(.preinit_array*)
                0x0000000008004594                PROVIDE (__preinit_array_end = .)
                0x0000000008004594                . = ALIGN (0x4)

.init_array     0x0000000008004594        0x8
                0x0000000008004594                . = ALIGN (0x4)
                0x0000000008004594                PROVIDE (__init_array_start = .)
 *(SORT_BY_NAME(.init_array.*))
 *(.init_array*)
 .init_array    0x0000000008004594        0x4 c:/st/stm32cubeide_1.10.1/stm32cubeide/plugins/com.st.stm32cube.ide.mcu.externaltools.gnu-tools-for-stm32.10.3-2021.10.win32_1.0.200.202301161003/tools/bin/../lib/gcc/arm-none-eabi/10.3.1/thumb/v6-m/nofp/crtbegin.o
 .init_array    0x0000000008004598        0x4 ./Core/Src/main.o
                0x000000000800459c                PROVIDE (__init_array_end = .)
                0x000000000800459c                . = ALIGN (0x4)

.fini_array     0x000000000800459c        0x8
                0x000000000800459c                . = ALIGN (0x4)
                [!provide]                        PROVIDE (__fini_array_start = .)
 *(SORT_BY_NAME(.fini_array.*))
 *(.fini_array*)
 .fini_array    0x000000000800459c        0x4 c:/st/stm32cubeide_1.10.1/stm32cubeide/plugins/com.st.stm32cube.ide.mcu.externaltools.gnu-tools-for-stm32.10.3-2021.10.win32_1.0.200.202301161003/tools/bin/../lib/gcc/arm-none-eabi/10.3.1/thumb/v6-m/nofp/crtbegin.o
 .fini_array    0x00000000080045a0        0x4 ./Core/Src/main.o
                [!provide]                        PROVIDE (__fini_array_end = .)
                0x00000000080045a4                . = ALIGN (0x4)
                0x00000000080045a4                _sidata = LOADADDR (.data)

.data           0x0000000020000000       0x14 load address 0x00000000080045a4
                0x0000000020000000                . = ALIGN (0x4)
                0x0000000020000000                _sdata = .
 *(.data)
 *(.data*)
 .data.tx       0x0000000020000000        0x6 ./Core/Src/main.o
                0x0000000020000000                tx
 .data.tuIwdgFlag
                0x0000000020000006        0x1 ./Core/Src/main.o
                0x0000000020000006                tuIwdgFlag
 *fill*         0x0000000020000007        0x1 
 .data.SystemCoreClock
                0x0000000020000008        0x4 ./Core/Src/system_stm32f0xx.o
                0x0000000020000008                SystemCoreClock
 .data.uwTickPrio
                0x000000002000000c        0x4 ./Drivers/STM32F0xx_HAL_Driver/Src/stm32f0xx_hal.o
                0x000000002000000c                uwTickPrio
 .data.uwTickFreq
                0x0000000020000010        0x1 ./Drivers/STM32F0xx_HAL_Driver/Src/stm32f0xx_hal.o
                0x0000000020000010                uwTickFreq
 *(.RamFunc)
 *(.RamFunc*)
                0x0000000020000014                . = ALIGN (0x4)
 *fill*         0x0000000020000011        0x3 
                0x0000000020000014                _edata = .

.igot.plt       0x0000000020000014        0x0 load address 0x00000000080045b8
 .igot.plt      0x0000000020000014        0x0 c:/st/stm32cubeide_1.10.1/stm32cubeide/plugins/com.st.stm32cube.ide.mcu.externaltools.gnu-tools-for-stm32.10.3-2021.10.win32_1.0.200.202301161003/tools/bin/../lib/gcc/arm-none-eabi/10.3.1/thumb/v6-m/nofp/crtbegin.o
                0x0000000020000014                . = ALIGN (0x4)

.bss            0x0000000020000014      0x4f4 load address 0x00000000080045b8
                0x0000000020000014                _sbss = .
                0x0000000020000014                __bss_start__ = _sbss
 *(.bss)
 .bss           0x0000000020000014       0x1c c:/st/stm32cubeide_1.10.1/stm32cubeide/plugins/com.st.stm32cube.ide.mcu.externaltools.gnu-tools-for-stm32.10.3-2021.10.win32_1.0.200.202301161003/tools/bin/../lib/gcc/arm-none-eabi/10.3.1/thumb/v6-m/nofp/crtbegin.o
 *(.bss*)
 .bss.hiwdg     0x0000000020000030       0x10 ./Core/Src/main.o
                0x0000000020000030                hiwdg
 .bss.hspi1     0x0000000020000040       0x64 ./Core/Src/main.o
                0x0000000020000040                hspi1
 .bss.hspi2     0x00000000200000a4       0x64 ./Core/Src/main.o
                0x00000000200000a4                hspi2
 .bss.hdma_spi1_rx
                0x0000000020000108       0x44 ./Core/Src/main.o
                0x0000000020000108                hdma_spi1_rx
 .bss.hdma_spi1_tx
                0x000000002000014c       0x44 ./Core/Src/main.o
                0x000000002000014c                hdma_spi1_tx
 .bss.hdma_spi2_rx
                0x0000000020000190       0x44 ./Core/Src/main.o
                0x0000000020000190                hdma_spi2_rx
 .bss.hdma_spi2_tx
                0x00000000200001d4       0x44 ./Core/Src/main.o
                0x00000000200001d4                hdma_spi2_tx
 .bss.rx        0x0000000020000218        0x6 ./Core/Src/main.o
                0x0000000020000218                rx
 *fill*         0x000000002000021e        0x2 
 .bss.rxSaved   0x0000000020000220        0x4 ./Core/Src/main.o
                0x0000000020000220                rxSaved
 .bss.spiState  0x0000000020000224        0x1 ./Core/Src/main.o
                0x0000000020000224                spiState
 .bss.tuState   0x0000000020000225        0x1 ./Core/Src/main.o
                0x0000000020000225                tuState
 *fill*         0x0000000020000226        0x2 
 .bss.tu        0x0000000020000228        0x2 ./Core/Src/main.o
                0x0000000020000228                tu
 .bss.shiftRegNum
                0x000000002000022a        0x1 ./Core/Src/main.o
                0x000000002000022a                shiftRegNum
 .bss.sendTuNum
                0x000000002000022b        0x1 ./Core/Src/main.o
                0x000000002000022b                sendTuNum
 .bss.tuTim     0x000000002000022c       0x10 ./Core/Src/main.o
                0x000000002000022c                tuTim
 .bss.ts        0x000000002000023c      0x2c0 ./Core/Src/main.o
                0x000000002000023c                ts
 .bss._ZN6CTimer13m_wCountTimerE
                0x00000000200004fc        0x4 ./Core/Src/timer.o
                0x00000000200004fc                CTimer::m_wCountTimer
 .bss._ZN6CTimer21m_wCountTick_RealmSecE
                0x0000000020000500        0x4 ./Core/Src/timer.o
                0x0000000020000500                CTimer::m_wCountTick_RealmSec
 .bss.uwTick    0x0000000020000504        0x4 ./Drivers/STM32F0xx_HAL_Driver/Src/stm32f0xx_hal.o
                0x0000000020000504                uwTick
 *(COMMON)
                0x0000000020000508                . = ALIGN (0x4)
                0x0000000020000508                _ebss = .
                0x0000000020000508                __bss_end__ = _ebss

._user_heap_stack
                0x0000000020000508      0x600 load address 0x00000000080045b8
                0x0000000020000508                . = ALIGN (0x8)
                [!provide]                        PROVIDE (end = .)
                0x0000000020000508                PROVIDE (_end = .)
                0x0000000020000708                . = (. + _Min_Heap_Size)
 *fill*         0x0000000020000508      0x200 
                0x0000000020000b08                . = (. + _Min_Stack_Size)
 *fill*         0x0000000020000708      0x400 
                0x0000000020000b08                . = ALIGN (0x8)

/DISCARD/
 libc.a(*)
 libm.a(*)
 libgcc.a(*)

.ARM.attributes
                0x0000000000000000       0x28
 *(.ARM.attributes)
 .ARM.attributes
                0x0000000000000000       0x1e c:/st/stm32cubeide_1.10.1/stm32cubeide/plugins/com.st.stm32cube.ide.mcu.externaltools.gnu-tools-for-stm32.10.3-2021.10.win32_1.0.200.202301161003/tools/bin/../lib/gcc/arm-none-eabi/10.3.1/thumb/v6-m/nofp/crti.o
 .ARM.attributes
                0x000000000000001e       0x2c c:/st/stm32cubeide_1.10.1/stm32cubeide/plugins/com.st.stm32cube.ide.mcu.externaltools.gnu-tools-for-stm32.10.3-2021.10.win32_1.0.200.202301161003/tools/bin/../lib/gcc/arm-none-eabi/10.3.1/thumb/v6-m/nofp/crtbegin.o
 .ARM.attributes
                0x000000000000004a       0x2c ./Core/Src/Ts.o
 .ARM.attributes
                0x0000000000000076       0x2c ./Core/Src/main.o
 .ARM.attributes
                0x00000000000000a2       0x2c ./Core/Src/stm32f0xx_hal_msp.o
 .ARM.attributes
                0x00000000000000ce       0x2c ./Core/Src/stm32f0xx_it.o
 .ARM.attributes
                0x00000000000000fa       0x2c ./Core/Src/system_stm32f0xx.o
 .ARM.attributes
                0x0000000000000126       0x2c ./Core/Src/timer.o
 .ARM.attributes
                0x0000000000000152       0x21 ./Core/Startup/startup_stm32f030r8tx.o
 .ARM.attributes
                0x0000000000000173       0x2c ./Drivers/STM32F0xx_HAL_Driver/Src/stm32f0xx_hal.o
 .ARM.attributes
                0x000000000000019f       0x2c ./Drivers/STM32F0xx_HAL_Driver/Src/stm32f0xx_hal_cortex.o
 .ARM.attributes
                0x00000000000001cb       0x2c ./Drivers/STM32F0xx_HAL_Driver/Src/stm32f0xx_hal_dma.o
 .ARM.attributes
                0x00000000000001f7       0x2c ./Drivers/STM32F0xx_HAL_Driver/Src/stm32f0xx_hal_gpio.o
 .ARM.attributes
                0x0000000000000223       0x2c ./Drivers/STM32F0xx_HAL_Driver/Src/stm32f0xx_hal_iwdg.o
 .ARM.attributes
                0x000000000000024f       0x2c ./Drivers/STM32F0xx_HAL_Driver/Src/stm32f0xx_hal_rcc.o
 .ARM.attributes
                0x000000000000027b       0x2c ./Drivers/STM32F0xx_HAL_Driver/Src/stm32f0xx_hal_spi.o
 .ARM.attributes
                0x00000000000002a7       0x2c c:/st/stm32cubeide_1.10.1/stm32cubeide/plugins/com.st.stm32cube.ide.mcu.externaltools.gnu-tools-for-stm32.10.3-2021.10.win32_1.0.200.202301161003/tools/bin/../lib/gcc/arm-none-eabi/10.3.1/../../../../arm-none-eabi/lib/thumb/v6-m/nofp\libc_nano.a(lib_a-init.o)
 .ARM.attributes
                0x00000000000002d3       0x2c c:/st/stm32cubeide_1.10.1/stm32cubeide/plugins/com.st.stm32cube.ide.mcu.externaltools.gnu-tools-for-stm32.10.3-2021.10.win32_1.0.200.202301161003/tools/bin/../lib/gcc/arm-none-eabi/10.3.1/../../../../arm-none-eabi/lib/thumb/v6-m/nofp\libc_nano.a(lib_a-memset.o)
 .ARM.attributes
                0x00000000000002ff       0x1e c:/st/stm32cubeide_1.10.1/stm32cubeide/plugins/com.st.stm32cube.ide.mcu.externaltools.gnu-tools-for-stm32.10.3-2021.10.win32_1.0.200.202301161003/tools/bin/../lib/gcc/arm-none-eabi/10.3.1/thumb/v6-m/nofp\libgcc.a(_udivsi3.o)
 .ARM.attributes
                0x000000000000031d       0x1e c:/st/stm32cubeide_1.10.1/stm32cubeide/plugins/com.st.stm32cube.ide.mcu.externaltools.gnu-tools-for-stm32.10.3-2021.10.win32_1.0.200.202301161003/tools/bin/../lib/gcc/arm-none-eabi/10.3.1/thumb/v6-m/nofp\libgcc.a(_dvmd_tls.o)
 .ARM.attributes
                0x000000000000033b       0x1e c:/st/stm32cubeide_1.10.1/stm32cubeide/plugins/com.st.stm32cube.ide.mcu.externaltools.gnu-tools-for-stm32.10.3-2021.10.win32_1.0.200.202301161003/tools/bin/../lib/gcc/arm-none-eabi/10.3.1/thumb/v6-m/nofp/crtn.o
OUTPUT(tu_rev2.elf elf32-littlearm)
LOAD linker stubs
LOAD c:/st/stm32cubeide_1.10.1/stm32cubeide/plugins/com.st.stm32cube.ide.mcu.externaltools.gnu-tools-for-stm32.10.3-2021.10.win32_1.0.200.202301161003/tools/bin/../lib/gcc/arm-none-eabi/10.3.1/../../../../arm-none-eabi/lib/thumb/v6-m/nofp\libc.a
LOAD c:/st/stm32cubeide_1.10.1/stm32cubeide/plugins/com.st.stm32cube.ide.mcu.externaltools.gnu-tools-for-stm32.10.3-2021.10.win32_1.0.200.202301161003/tools/bin/../lib/gcc/arm-none-eabi/10.3.1/../../../../arm-none-eabi/lib/thumb/v6-m/nofp\libm.a
LOAD c:/st/stm32cubeide_1.10.1/stm32cubeide/plugins/com.st.stm32cube.ide.mcu.externaltools.gnu-tools-for-stm32.10.3-2021.10.win32_1.0.200.202301161003/tools/bin/../lib/gcc/arm-none-eabi/10.3.1/thumb/v6-m/nofp\libgcc.a

.debug_info     0x0000000000000000     0x749f
 .debug_info    0x0000000000000000      0x66a ./Core/Src/Ts.o
 .debug_info    0x000000000000066a     0x16b7 ./Core/Src/main.o
 .debug_info    0x0000000000001d21      0xa73 ./Core/Src/stm32f0xx_hal_msp.o
 .debug_info    0x0000000000002794      0x6b5 ./Core/Src/stm32f0xx_it.o
 .debug_info    0x0000000000002e49      0x26e ./Core/Src/system_stm32f0xx.o
 .debug_info    0x00000000000030b7      0x6b1 ./Core/Src/timer.o
 .debug_info    0x0000000000003768       0x22 ./Core/Startup/startup_stm32f030r8tx.o
 .debug_info    0x000000000000378a      0x6bb ./Drivers/STM32F0xx_HAL_Driver/Src/stm32f0xx_hal.o
 .debug_info    0x0000000000003e45      0x6f9 ./Drivers/STM32F0xx_HAL_Driver/Src/stm32f0xx_hal_cortex.o
 .debug_info    0x000000000000453e      0x752 ./Drivers/STM32F0xx_HAL_Driver/Src/stm32f0xx_hal_dma.o
 .debug_info    0x0000000000004c90      0x611 ./Drivers/STM32F0xx_HAL_Driver/Src/stm32f0xx_hal_gpio.o
 .debug_info    0x00000000000052a1      0x209 ./Drivers/STM32F0xx_HAL_Driver/Src/stm32f0xx_hal_iwdg.o
 .debug_info    0x00000000000054aa      0x88c ./Drivers/STM32F0xx_HAL_Driver/Src/stm32f0xx_hal_rcc.o
 .debug_info    0x0000000000005d36     0x1769 ./Drivers/STM32F0xx_HAL_Driver/Src/stm32f0xx_hal_spi.o

.debug_abbrev   0x0000000000000000     0x1c64
 .debug_abbrev  0x0000000000000000      0x1dc ./Core/Src/Ts.o
 .debug_abbrev  0x00000000000001dc      0x4e6 ./Core/Src/main.o
 .debug_abbrev  0x00000000000006c2      0x1ef ./Core/Src/stm32f0xx_hal_msp.o
 .debug_abbrev  0x00000000000008b1      0x170 ./Core/Src/stm32f0xx_it.o
 .debug_abbrev  0x0000000000000a21      0x116 ./Core/Src/system_stm32f0xx.o
 .debug_abbrev  0x0000000000000b37      0x294 ./Core/Src/timer.o
 .debug_abbrev  0x0000000000000dcb       0x12 ./Core/Startup/startup_stm32f030r8tx.o
 .debug_abbrev  0x0000000000000ddd      0x23f ./Drivers/STM32F0xx_HAL_Driver/Src/stm32f0xx_hal.o
 .debug_abbrev  0x000000000000101c      0x283 ./Drivers/STM32F0xx_HAL_Driver/Src/stm32f0xx_hal_cortex.o
 .debug_abbrev  0x000000000000129f      0x1e9 ./Drivers/STM32F0xx_HAL_Driver/Src/stm32f0xx_hal_dma.o
 .debug_abbrev  0x0000000000001488      0x1bb ./Drivers/STM32F0xx_HAL_Driver/Src/stm32f0xx_hal_gpio.o
 .debug_abbrev  0x0000000000001643      0x14a ./Drivers/STM32F0xx_HAL_Driver/Src/stm32f0xx_hal_iwdg.o
 .debug_abbrev  0x000000000000178d      0x283 ./Drivers/STM32F0xx_HAL_Driver/Src/stm32f0xx_hal_rcc.o
 .debug_abbrev  0x0000000000001a10      0x254 ./Drivers/STM32F0xx_HAL_Driver/Src/stm32f0xx_hal_spi.o

.debug_aranges  0x0000000000000000      0x788
 .debug_aranges
                0x0000000000000000       0x78 ./Core/Src/Ts.o
 .debug_aranges
                0x0000000000000078       0xb0 ./Core/Src/main.o
 .debug_aranges
                0x0000000000000128       0x30 ./Core/Src/stm32f0xx_hal_msp.o
 .debug_aranges
                0x0000000000000158       0x60 ./Core/Src/stm32f0xx_it.o
 .debug_aranges
                0x00000000000001b8       0x28 ./Core/Src/system_stm32f0xx.o
 .debug_aranges
                0x00000000000001e0       0x90 ./Core/Src/timer.o
 .debug_aranges
                0x0000000000000270       0x28 ./Core/Startup/startup_stm32f030r8tx.o
 .debug_aranges
                0x0000000000000298       0xd0 ./Drivers/STM32F0xx_HAL_Driver/Src/stm32f0xx_hal.o
 .debug_aranges
                0x0000000000000368       0xc0 ./Drivers/STM32F0xx_HAL_Driver/Src/stm32f0xx_hal_cortex.o
 .debug_aranges
                0x0000000000000428       0x88 ./Drivers/STM32F0xx_HAL_Driver/Src/stm32f0xx_hal_dma.o
 .debug_aranges
                0x00000000000004b0       0x58 ./Drivers/STM32F0xx_HAL_Driver/Src/stm32f0xx_hal_gpio.o
 .debug_aranges
                0x0000000000000508       0x28 ./Drivers/STM32F0xx_HAL_Driver/Src/stm32f0xx_hal_iwdg.o
 .debug_aranges
                0x0000000000000530       0x80 ./Drivers/STM32F0xx_HAL_Driver/Src/stm32f0xx_hal_rcc.o
 .debug_aranges
                0x00000000000005b0      0x1d8 ./Drivers/STM32F0xx_HAL_Driver/Src/stm32f0xx_hal_spi.o

.debug_ranges   0x0000000000000000      0x6b0
 .debug_ranges  0x0000000000000000       0x68 ./Core/Src/Ts.o
 .debug_ranges  0x0000000000000068       0xa0 ./Core/Src/main.o
 .debug_ranges  0x0000000000000108       0x20 ./Core/Src/stm32f0xx_hal_msp.o
 .debug_ranges  0x0000000000000128       0x50 ./Core/Src/stm32f0xx_it.o
 .debug_ranges  0x0000000000000178       0x18 ./Core/Src/system_stm32f0xx.o
 .debug_ranges  0x0000000000000190       0x80 ./Core/Src/timer.o
 .debug_ranges  0x0000000000000210       0x20 ./Core/Startup/startup_stm32f030r8tx.o
 .debug_ranges  0x0000000000000230       0xc0 ./Drivers/STM32F0xx_HAL_Driver/Src/stm32f0xx_hal.o
 .debug_ranges  0x00000000000002f0       0xb0 ./Drivers/STM32F0xx_HAL_Driver/Src/stm32f0xx_hal_cortex.o
 .debug_ranges  0x00000000000003a0       0x78 ./Drivers/STM32F0xx_HAL_Driver/Src/stm32f0xx_hal_dma.o
 .debug_ranges  0x0000000000000418       0x48 ./Drivers/STM32F0xx_HAL_Driver/Src/stm32f0xx_hal_gpio.o
 .debug_ranges  0x0000000000000460       0x18 ./Drivers/STM32F0xx_HAL_Driver/Src/stm32f0xx_hal_iwdg.o
 .debug_ranges  0x0000000000000478       0x70 ./Drivers/STM32F0xx_HAL_Driver/Src/stm32f0xx_hal_rcc.o
 .debug_ranges  0x00000000000004e8      0x1c8 ./Drivers/STM32F0xx_HAL_Driver/Src/stm32f0xx_hal_spi.o

.debug_macro    0x0000000000000000    0x10d02
 .debug_macro   0x0000000000000000      0x1d6 ./Core/Src/Ts.o
 .debug_macro   0x00000000000001d6      0xb26 ./Core/Src/Ts.o
 .debug_macro   0x0000000000000cfc      0x133 ./Core/Src/Ts.o
 .debug_macro   0x0000000000000e2f       0x2e ./Core/Src/Ts.o
 .debug_macro   0x0000000000000e5d       0x22 ./Core/Src/Ts.o
 .debug_macro   0x0000000000000e7f       0x1c ./Core/Src/Ts.o
 .debug_macro   0x0000000000000e9b       0x22 ./Core/Src/Ts.o
 .debug_macro   0x0000000000000ebd       0x8e ./Core/Src/Ts.o
 .debug_macro   0x0000000000000f4b       0x51 ./Core/Src/Ts.o
 .debug_macro   0x0000000000000f9c      0x103 ./Core/Src/Ts.o
 .debug_macro   0x000000000000109f       0x6a ./Core/Src/Ts.o
 .debug_macro   0x0000000000001109      0x1df ./Core/Src/Ts.o
 .debug_macro   0x00000000000012e8       0x1c ./Core/Src/Ts.o
 .debug_macro   0x0000000000001304       0x22 ./Core/Src/Ts.o
 .debug_macro   0x0000000000001326       0xaf ./Core/Src/Ts.o
 .debug_macro   0x00000000000013d5      0x391 ./Core/Src/Ts.o
 .debug_macro   0x0000000000001766     0x6f47 ./Core/Src/Ts.o
 .debug_macro   0x00000000000086ad       0x66 ./Core/Src/Ts.o
 .debug_macro   0x0000000000008713     0x34be ./Core/Src/Ts.o
 .debug_macro   0x000000000000bbd1      0x17b ./Core/Src/Ts.o
 .debug_macro   0x000000000000bd4c       0x55 ./Core/Src/Ts.o
 .debug_macro   0x000000000000bda1      0x924 ./Core/Src/Ts.o
 .debug_macro   0x000000000000c6c5      0x17f ./Core/Src/Ts.o
 .debug_macro   0x000000000000c844      0x1ae ./Core/Src/Ts.o
 .debug_macro   0x000000000000c9f2       0xd8 ./Core/Src/Ts.o
 .debug_macro   0x000000000000caca      0x1a0 ./Core/Src/Ts.o
 .debug_macro   0x000000000000cc6a      0x1ed ./Core/Src/Ts.o
 .debug_macro   0x000000000000ce57       0x34 ./Core/Src/Ts.o
 .debug_macro   0x000000000000ce8b       0x43 ./Core/Src/Ts.o
 .debug_macro   0x000000000000cece       0x28 ./Core/Src/Ts.o
 .debug_macro   0x000000000000cef6       0xb0 ./Core/Src/Ts.o
 .debug_macro   0x000000000000cfa6      0x199 ./Core/Src/Ts.o
 .debug_macro   0x000000000000d13f      0x22c ./Core/Src/Ts.o
 .debug_macro   0x000000000000d36b       0x61 ./Core/Src/Ts.o
 .debug_macro   0x000000000000d3cc       0xa5 ./Core/Src/Ts.o
 .debug_macro   0x000000000000d471       0x85 ./Core/Src/Ts.o
 .debug_macro   0x000000000000d4f6       0x4c ./Core/Src/Ts.o
 .debug_macro   0x000000000000d542       0x2b ./Core/Src/Ts.o
 .debug_macro   0x000000000000d56d      0x2fe ./Core/Src/Ts.o
 .debug_macro   0x000000000000d86b       0xff ./Core/Src/Ts.o
 .debug_macro   0x000000000000d96a       0x1c ./Core/Src/Ts.o
 .debug_macro   0x000000000000d986      0x38a ./Core/Src/main.o
 .debug_macro   0x000000000000dd10       0x22 ./Core/Src/main.o
 .debug_macro   0x000000000000dd32       0x52 ./Core/Src/main.o
 .debug_macro   0x000000000000dd84       0x18 ./Core/Src/main.o
 .debug_macro   0x000000000000dd9c       0x3c ./Core/Src/main.o
 .debug_macro   0x000000000000ddd8       0x34 ./Core/Src/main.o
 .debug_macro   0x000000000000de0c       0x16 ./Core/Src/main.o
 .debug_macro   0x000000000000de22       0x1c ./Core/Src/main.o
 .debug_macro   0x000000000000de3e       0x35 ./Core/Src/main.o
 .debug_macro   0x000000000000de73      0x364 ./Core/Src/main.o
 .debug_macro   0x000000000000e1d7       0x10 ./Core/Src/main.o
 .debug_macro   0x000000000000e1e7       0x16 ./Core/Src/main.o
 .debug_macro   0x000000000000e1fd       0x43 ./Core/Src/main.o
 .debug_macro   0x000000000000e240       0x34 ./Core/Src/main.o
 .debug_macro   0x000000000000e274       0x10 ./Core/Src/main.o
 .debug_macro   0x000000000000e284       0x58 ./Core/Src/main.o
 .debug_macro   0x000000000000e2dc       0x71 ./Core/Src/main.o
 .debug_macro   0x000000000000e34d       0x10 ./Core/Src/main.o
 .debug_macro   0x000000000000e35d      0x12a ./Core/Src/main.o
 .debug_macro   0x000000000000e487       0x10 ./Core/Src/main.o
 .debug_macro   0x000000000000e497       0x1c ./Core/Src/main.o
 .debug_macro   0x000000000000e4b3       0x52 ./Core/Src/main.o
 .debug_macro   0x000000000000e505       0x22 ./Core/Src/main.o
 .debug_macro   0x000000000000e527       0x10 ./Core/Src/main.o
 .debug_macro   0x000000000000e537       0x52 ./Core/Src/main.o
 .debug_macro   0x000000000000e589       0xd5 ./Core/Src/main.o
 .debug_macro   0x000000000000e65e       0x1c ./Core/Src/main.o
 .debug_macro   0x000000000000e67a       0x3d ./Core/Src/main.o
 .debug_macro   0x000000000000e6b7       0x16 ./Core/Src/main.o
 .debug_macro   0x000000000000e6cd      0x137 ./Core/Src/main.o
 .debug_macro   0x000000000000e804       0x4c ./Core/Src/main.o
 .debug_macro   0x000000000000e850       0x3a ./Core/Src/main.o
 .debug_macro   0x000000000000e88a       0x1c ./Core/Src/main.o
 .debug_macro   0x000000000000e8a6      0x1c7 ./Core/Src/stm32f0xx_hal_msp.o
 .debug_macro   0x000000000000ea6d      0xa4e ./Core/Src/stm32f0xx_hal_msp.o
 .debug_macro   0x000000000000f4bb      0x391 ./Core/Src/stm32f0xx_hal_msp.o
 .debug_macro   0x000000000000f84c      0x174 ./Core/Src/stm32f0xx_hal_msp.o
 .debug_macro   0x000000000000f9c0      0x1d1 ./Core/Src/stm32f0xx_it.o
 .debug_macro   0x000000000000fb91      0x1b8 ./Core/Src/system_stm32f0xx.o
 .debug_macro   0x000000000000fd49      0x35e ./Core/Src/timer.o
 .debug_macro   0x00000000000100a7      0x1dc ./Drivers/STM32F0xx_HAL_Driver/Src/stm32f0xx_hal.o
 .debug_macro   0x0000000000010283      0x1b8 ./Drivers/STM32F0xx_HAL_Driver/Src/stm32f0xx_hal_cortex.o
 .debug_macro   0x000000000001043b      0x1b8 ./Drivers/STM32F0xx_HAL_Driver/Src/stm32f0xx_hal_dma.o
 .debug_macro   0x00000000000105f3      0x1bf ./Drivers/STM32F0xx_HAL_Driver/Src/stm32f0xx_hal_gpio.o
 .debug_macro   0x00000000000107b2      0x1c6 ./Drivers/STM32F0xx_HAL_Driver/Src/stm32f0xx_hal_iwdg.o
 .debug_macro   0x0000000000010978      0x1ca ./Drivers/STM32F0xx_HAL_Driver/Src/stm32f0xx_hal_rcc.o
 .debug_macro   0x0000000000010b42      0x1c0 ./Drivers/STM32F0xx_HAL_Driver/Src/stm32f0xx_hal_spi.o

.debug_line     0x0000000000000000     0x9932
 .debug_line    0x0000000000000000      0xc24 ./Core/Src/Ts.o
 .debug_line    0x0000000000000c24      0xdd7 ./Core/Src/main.o
 .debug_line    0x00000000000019fb      0x7d7 ./Core/Src/stm32f0xx_hal_msp.o
 .debug_line    0x00000000000021d2      0x785 ./Core/Src/stm32f0xx_it.o
 .debug_line    0x0000000000002957      0x754 ./Core/Src/system_stm32f0xx.o
 .debug_line    0x00000000000030ab      0xaac ./Core/Src/timer.o
 .debug_line    0x0000000000003b57       0x8a ./Core/Startup/startup_stm32f030r8tx.o
 .debug_line    0x0000000000003be1      0x93f ./Drivers/STM32F0xx_HAL_Driver/Src/stm32f0xx_hal.o
 .debug_line    0x0000000000004520      0x9eb ./Drivers/STM32F0xx_HAL_Driver/Src/stm32f0xx_hal_cortex.o
 .debug_line    0x0000000000004f0b      0xc63 ./Drivers/STM32F0xx_HAL_Driver/Src/stm32f0xx_hal_dma.o
 .debug_line    0x0000000000005b6e      0xaba ./Drivers/STM32F0xx_HAL_Driver/Src/stm32f0xx_hal_gpio.o
 .debug_line    0x0000000000006628      0x750 ./Drivers/STM32F0xx_HAL_Driver/Src/stm32f0xx_hal_iwdg.o
 .debug_line    0x0000000000006d78      0xd27 ./Drivers/STM32F0xx_HAL_Driver/Src/stm32f0xx_hal_rcc.o
 .debug_line    0x0000000000007a9f     0x1e93 ./Drivers/STM32F0xx_HAL_Driver/Src/stm32f0xx_hal_spi.o

.debug_str      0x0000000000000000    0x5c1c0
 .debug_str     0x0000000000000000    0x560e6 ./Core/Src/Ts.o
                                      0x56371 (size before relaxing)
 .debug_str     0x00000000000560e6     0x4c29 ./Core/Src/main.o
                                      0x5b1ae (size before relaxing)
 .debug_str     0x000000000005ad0f      0x27d ./Core/Src/stm32f0xx_hal_msp.o
                                      0x5643c (size before relaxing)
 .debug_str     0x000000000005af8c       0xc8 ./Core/Src/stm32f0xx_it.o
                                      0x561e7 (size before relaxing)
 .debug_str     0x000000000005b054       0x8b ./Core/Src/system_stm32f0xx.o
                                      0x55d49 (size before relaxing)
 .debug_str     0x000000000005b0df      0x117 ./Core/Src/timer.o
                                      0x5a470 (size before relaxing)
 .debug_str     0x000000000005b1f6       0x36 ./Core/Startup/startup_stm32f030r8tx.o
                                         0x75 (size before relaxing)
 .debug_str     0x000000000005b22c      0x316 ./Drivers/STM32F0xx_HAL_Driver/Src/stm32f0xx_hal.o
                                      0x562dd (size before relaxing)
 .debug_str     0x000000000005b542      0x1a2 ./Drivers/STM32F0xx_HAL_Driver/Src/stm32f0xx_hal_cortex.o
                                      0x560ce (size before relaxing)
 .debug_str     0x000000000005b6e4      0x223 ./Drivers/STM32F0xx_HAL_Driver/Src/stm32f0xx_hal_dma.o
                                      0x560ef (size before relaxing)
 .debug_str     0x000000000005b907      0x113 ./Drivers/STM32F0xx_HAL_Driver/Src/stm32f0xx_hal_gpio.o
                                      0x55eea (size before relaxing)
 .debug_str     0x000000000005ba1a       0xe2 ./Drivers/STM32F0xx_HAL_Driver/Src/stm32f0xx_hal_iwdg.o
                                      0x55e0a (size before relaxing)
 .debug_str     0x000000000005bafc      0x20f ./Drivers/STM32F0xx_HAL_Driver/Src/stm32f0xx_hal_rcc.o
                                      0x56185 (size before relaxing)
 .debug_str     0x000000000005bd0b      0x4b5 ./Drivers/STM32F0xx_HAL_Driver/Src/stm32f0xx_hal_spi.o
                                      0x566b3 (size before relaxing)

.comment        0x0000000000000000       0x50
 .comment       0x0000000000000000       0x50 ./Core/Src/Ts.o
                                         0x51 (size before relaxing)
 .comment       0x0000000000000050       0x51 ./Core/Src/main.o
 .comment       0x0000000000000050       0x51 ./Core/Src/stm32f0xx_hal_msp.o
 .comment       0x0000000000000050       0x51 ./Core/Src/stm32f0xx_it.o
 .comment       0x0000000000000050       0x51 ./Core/Src/system_stm32f0xx.o
 .comment       0x0000000000000050       0x51 ./Core/Src/timer.o
 .comment       0x0000000000000050       0x51 ./Drivers/STM32F0xx_HAL_Driver/Src/stm32f0xx_hal.o
 .comment       0x0000000000000050       0x51 ./Drivers/STM32F0xx_HAL_Driver/Src/stm32f0xx_hal_cortex.o
 .comment       0x0000000000000050       0x51 ./Drivers/STM32F0xx_HAL_Driver/Src/stm32f0xx_hal_dma.o
 .comment       0x0000000000000050       0x51 ./Drivers/STM32F0xx_HAL_Driver/Src/stm32f0xx_hal_gpio.o
 .comment       0x0000000000000050       0x51 ./Drivers/STM32F0xx_HAL_Driver/Src/stm32f0xx_hal_iwdg.o
 .comment       0x0000000000000050       0x51 ./Drivers/STM32F0xx_HAL_Driver/Src/stm32f0xx_hal_rcc.o
 .comment       0x0000000000000050       0x51 ./Drivers/STM32F0xx_HAL_Driver/Src/stm32f0xx_hal_spi.o

.debug_frame    0x0000000000000000     0x1924
 .debug_frame   0x0000000000000000      0x194 ./Core/Src/Ts.o
 .debug_frame   0x0000000000000194      0x254 ./Core/Src/main.o
 .debug_frame   0x00000000000003e8       0x70 ./Core/Src/stm32f0xx_hal_msp.o
 .debug_frame   0x0000000000000458      0x10c ./Core/Src/stm32f0xx_it.o
 .debug_frame   0x0000000000000564       0x4c ./Core/Src/system_stm32f0xx.o
 .debug_frame   0x00000000000005b0      0x1ec ./Core/Src/timer.o
 .debug_frame   0x000000000000079c      0x2a4 ./Drivers/STM32F0xx_HAL_Driver/Src/stm32f0xx_hal.o
 .debug_frame   0x0000000000000a40      0x2a0 ./Drivers/STM32F0xx_HAL_Driver/Src/stm32f0xx_hal_cortex.o
 .debug_frame   0x0000000000000ce0      0x1d0 ./Drivers/STM32F0xx_HAL_Driver/Src/stm32f0xx_hal_dma.o
 .debug_frame   0x0000000000000eb0      0x110 ./Drivers/STM32F0xx_HAL_Driver/Src/stm32f0xx_hal_gpio.o
 .debug_frame   0x0000000000000fc0       0x50 ./Drivers/STM32F0xx_HAL_Driver/Src/stm32f0xx_hal_iwdg.o
 .debug_frame   0x0000000000001010      0x198 ./Drivers/STM32F0xx_HAL_Driver/Src/stm32f0xx_hal_rcc.o
 .debug_frame   0x00000000000011a8      0x710 ./Drivers/STM32F0xx_HAL_Driver/Src/stm32f0xx_hal_spi.o
 .debug_frame   0x00000000000018b8       0x2c c:/st/stm32cubeide_1.10.1/stm32cubeide/plugins/com.st.stm32cube.ide.mcu.externaltools.gnu-tools-for-stm32.10.3-2021.10.win32_1.0.200.202301161003/tools/bin/../lib/gcc/arm-none-eabi/10.3.1/../../../../arm-none-eabi/lib/thumb/v6-m/nofp\libc_nano.a(lib_a-init.o)
 .debug_frame   0x00000000000018e4       0x20 c:/st/stm32cubeide_1.10.1/stm32cubeide/plugins/com.st.stm32cube.ide.mcu.externaltools.gnu-tools-for-stm32.10.3-2021.10.win32_1.0.200.202301161003/tools/bin/../lib/gcc/arm-none-eabi/10.3.1/../../../../arm-none-eabi/lib/thumb/v6-m/nofp\libc_nano.a(lib_a-memset.o)
 .debug_frame   0x0000000000001904       0x20 c:/st/stm32cubeide_1.10.1/stm32cubeide/plugins/com.st.stm32cube.ide.mcu.externaltools.gnu-tools-for-stm32.10.3-2021.10.win32_1.0.200.202301161003/tools/bin/../lib/gcc/arm-none-eabi/10.3.1/thumb/v6-m/nofp\libgcc.a(_udivsi3.o)
