../Core/main.cpp:91:6:void HAL_SPI_TxRxCpltCallback(SPI_HandleTypeDef*)	16	static
../Core/main.cpp:97:6:void spiInterrupt(uint8_t)	24	static
../Core/main.cpp:107:6:void spiProcessing(uint8_t)	32	static
../Core/main.cpp:145:6:void sendTu()	16	static
../Core/main.cpp:184:6:void HAL_SPI_TxCpltCallback(SPI_HandleTypeDef*)	16	static
../Core/main.cpp:205:6:void tsInit()	16	static
../Core/main.cpp:212:6:void HAL_SPI_ErrorCallback(SPI_HandleTypeDef*)	32	static
../Core/main.cpp:227:6:void HAL_SPI_DMAErrorCallback(SPI_HandleTypeDef*)	32	static
../Core/main.cpp:247:5:int main()	16	static
../Core/main.cpp:304:6:void SystemClock_Config()	80	static
../Core/main.cpp:344:13:void MX_IWDG_Init()	8	static
../Core/main.cpp:373:13:void MX_SPI1_Init()	8	static
../Core/main.cpp:413:13:void MX_SPI2_Init()	8	static
../Core/main.cpp:450:13:void MX_DMA_Init()	16	static
../Core/main.cpp:471:13:void MX_GPIO_Init()	56	static
../Core/main.cpp:541:6:void Error_Handler()	8	static,ignoring_inline_asm
../Core/main.cpp:550:1:void __static_initialization_and_destruction_0(int, int)	24	static
../Core/main.cpp:550:1:cpp)	8	static
