../Core/Src/main.cpp:93:6:void HAL_SPI_TxRxCpltCallback(SPI_HandleTypeDef*)	16	static
../Core/Src/main.cpp:99:6:void spiProcessing()	16	static
../Core/Src/main.cpp:135:6:void sendTu()	16	static
../Core/Src/main.cpp:174:6:void HAL_SPI_TxCpltCallback(SPI_HandleTypeDef*)	16	static
../Core/Src/main.cpp:180:6:void HAL_SPI_ErrorCallback(SPI_HandleTypeDef*)	32	static
../Core/Src/main.cpp:198:6:void HAL_SPI_DMAErrorCallback(SPI_HandleTypeDef*)	32	static
../Core/Src/main.cpp:216:6:void timInit()	8	static
../Core/Src/main.cpp:220:6:void tsInit()	40	static
../Core/Src/main.cpp:248:5:int main()	8	static
../Core/Src/main.cpp:300:6:void SystemClock_Config()	80	static
../Core/Src/main.cpp:340:13:void MX_IWDG_Init()	8	static
../Core/Src/main.cpp:369:13:void MX_SPI1_Init()	8	static
../Core/Src/main.cpp:409:13:void MX_SPI2_Init()	8	static
../Core/Src/main.cpp:446:13:void MX_DMA_Init()	16	static
../Core/Src/main.cpp:467:13:void MX_GPIO_Init()	56	static
../Core/Src/main.cpp:537:6:void Error_Handler()	8	static,ignoring_inline_asm
../Core/Src/main.cpp:546:1:void __static_initialization_and_destruction_0(int, int)	24	static
../Core/Src/main.cpp:546:1:cpp)	8	static
../Core/Src/main.cpp:546:1:cpp)	8	static
