../Core/Src/main.cpp:91:6:void HAL_SPI_TxRxCpltCallback(SPI_HandleTypeDef*)	16	static
../Core/Src/main.cpp:97:6:void spiInterrupt(uint8_t)	24	static
../Core/Src/main.cpp:107:6:void spiProcessing(uint8_t)	32	static
../Core/Src/main.cpp:146:6:void sendTu()	16	static
../Core/Src/main.cpp:164:6:void HAL_SPI_TxCpltCallback(SPI_HandleTypeDef*)	16	static
../Core/Src/main.cpp:185:6:void HAL_SPI_ErrorCallback(SPI_HandleTypeDef*)	32	static
../Core/Src/main.cpp:200:6:void HAL_SPI_DMAErrorCallback(SPI_HandleTypeDef*)	32	static
../Core/Src/main.cpp:215:6:void tsInit()	40	static
../Core/Src/main.cpp:243:5:int main()	8	static
../Core/Src/main.cpp:298:6:void SystemClock_Config()	80	static
../Core/Src/main.cpp:338:13:void MX_IWDG_Init()	8	static
../Core/Src/main.cpp:367:13:void MX_SPI1_Init()	8	static
../Core/Src/main.cpp:407:13:void MX_SPI2_Init()	8	static
../Core/Src/main.cpp:444:13:void MX_DMA_Init()	16	static
../Core/Src/main.cpp:465:13:void MX_GPIO_Init()	56	static
../Core/Src/main.cpp:535:6:void Error_Handler()	8	static,ignoring_inline_asm
../Core/Src/main.cpp:544:1:void __static_initialization_and_destruction_0(int, int)	24	static
../Core/Src/main.cpp:544:1:cpp)	8	static
